MPLINK 4.48, Linker
Linker Map File - Created Wed Feb 06 13:55:13 2019

                                 Section Info
                  Section       Type    Address   Location Size(Bytes)
                ---------  ---------  ---------  ---------  ---------
               _entry_scn       code   0x000000    program   0x000006
           .code___init.o       code   0x000006    program   0x000002
               hiprio_int       code   0x000008    program   0x00a914
                   .cinit    romdata   0x00a91c    program   0x00001a
           .code_logger.o       code   0x00a936    program   0x001d3a
       .code_DOT_MARKER.o       code   0x00c670    program   0x000bc4
           .code_RESULT.o       code   0x00d234    program   0x0007bc
           .code_SERIAL.o       code   0x00d9f0    program   0x00053a
              .code_lcd.o       code   0x00df2a    program   0x0004b8
                     PROG       code   0x00e3e2    program   0x00044e
            .code_param.o       code   0x00e830    program   0x000248
               _cinit_scn       code   0x00ea78    program   0x00009e
             D10KTCYXCODE       code   0x00eb16    program   0x00002e
         .code_fxd1616u.o       code   0x00eb44    program   0x00002c
              D1KTCYXCODE       code   0x00eb70    program   0x000020
                    .code       code   0x00eb90    program   0x000020
             _startup_scn       code   0x00ebb0    program   0x00001c
         .code_fxd0808u.o       code   0x00ebcc    program   0x00001c
      .romdata_fxd0808u.o    romdata   0x00ebe8    program   0x000000
      .romdata_fxd1616u.o    romdata   0x00ebe8    program   0x000000
        .romdata_RESULT.o    romdata   0x00ebe8    program   0x000000
        .romdata_SERIAL.o    romdata   0x00ebe8    program   0x000000
        .romdata___init.o    romdata   0x00ebe8    program   0x000000
         .romdata_c018i.o    romdata   0x00ebe8    program   0x000000
         .romdata_param.o    romdata   0x00ebe8    program   0x000000
         .idata_param.o_i    romdata   0x00ebe8    program   0x000000
    .romdata_DOT_MARKER.o    romdata   0x00ebe8    program   0x000000
        .romdata_logger.o    romdata   0x00ebe8    program   0x000000
        .idata_logger.o_i    romdata   0x00ebe8    program   0x000002
           .romdata_lcd.o    romdata   0x00ebe8    program   0x000000
        .romdata_keypad.o    romdata   0x00ebe8    program   0x000000
        .idata_keypad.o_i    romdata   0x00ebea    program   0x00001b
           .idata_lcd.o_i    romdata   0x00ebea    program   0x000000
        .idata___init.o_i    romdata   0x00ec05    program   0x000000
         .idata_c018i.o_i    romdata   0x00ec05    program   0x000000
      .idata_fxd1616u.o_i    romdata   0x00ec05    program   0x000000
      .idata_fxd0808u.o_i    romdata   0x00ec05    program   0x000000
        .idata_RESULT.o_i    romdata   0x00ec05    program   0x000000
        .idata_SERIAL.o_i    romdata   0x00ec05    program   0x000000
    .idata_DOT_MARKER.o_i    romdata   0x00ec05    program   0x000000
            .code_c018i.o       code   0x00ec06    program   0x000000
           .code_keypad.o       code   0x00ec06    program   0x000000
                 .tmpdata      udata   0x000000       data   0x00002c
                MATH_DATA      udata   0x00002c       data   0x000014
                DELAYDAT2      udata   0x000040       data   0x000001
                DELAYDAT1      udata   0x000041       data   0x000001
          .udata_logger.o      udata   0x000060       data   0x000074
          .idata_keypad.o      idata   0x0000d4       data   0x00001b
           .udata_c018i.o      udata   0x0000ef       data   0x00000a
        .udata_fxd1616u.o      udata   0x0000f9       data   0x000000
        .idata_fxd0808u.o      idata   0x0000f9       data   0x000000
        .udata_fxd0808u.o      udata   0x0000f9       data   0x000000
        .idata_fxd1616u.o      idata   0x0000f9       data   0x000000
          .udata___init.o      udata   0x0000f9       data   0x000000
          .idata_RESULT.o      idata   0x0000f9       data   0x000000
          .udata_RESULT.o      udata   0x0000f9       data   0x000000
          .idata_SERIAL.o      idata   0x0000f9       data   0x000000
          .idata___init.o      idata   0x0000f9       data   0x000000
           .idata_param.o      idata   0x0000f9       data   0x000000
           .udata_param.o      udata   0x0000f9       data   0x000000
             .idata_lcd.o      idata   0x0000f9       data   0x000000
             .udata_lcd.o      udata   0x0000f9       data   0x000000
      .idata_DOT_MARKER.o      idata   0x0000f9       data   0x000000
      .udata_DOT_MARKER.o      udata   0x0000f9       data   0x000000
           .idata_c018i.o      idata   0x0000f9       data   0x000000
          .udata_keypad.o      udata   0x000100       data   0x0000fd
          .idata_logger.o      idata   0x0001fd       data   0x000002
          .udata_SERIAL.o      udata   0x0001ff       data   0x000001
                   .stack      udata   0x000e00       data   0x000100
              SFR_BANKED0      udata   0x000f38       data   0x000028
            SFR_UNBANKED0      udata   0x000f60       data   0x0000a0



                              Program Memory Usage 
                               Start         End      
                           ---------   ---------      
                            0x000000    0x00ec04      
            60421 out of 66584 program addresses used, program memory utilization is 90%



                              Symbols - Sorted by Name
                     Name    Address   Location    Storage File                     
                ---------  ---------  ---------  --------- ---------                
             Channel_Read   0x00321e    program     extern H:\YOGESH PROJECT\PROJECT\1.LED TUBE TESTER\LTT_D_02_01 final\led_tube_final_master\16_Channel_18_Nov\keypad.c
                   D10K_1   0x00eb22    program     static E:\c18v3.46\pic18-lt\cxx-framework\src\traditional\delays\d10ktcyx.asm
                    D10Kl   0x00eb2e    program     static E:\c18v3.46\pic18-lt\cxx-framework\src\traditional\delays\d10ktcyx.asm
                    D10Kx   0x00eb20    program     static E:\c18v3.46\pic18-lt\cxx-framework\src\traditional\delays\d10ktcyx.asm
                    D1K_1   0x00eb7c    program     static E:\c18v3.46\pic18-lt\cxx-framework\src\traditional\delays\d1ktcyx.asm
                     D1Kx   0x00eb7a    program     static E:\c18v3.46\pic18-lt\cxx-framework\src\traditional\delays\d1ktcyx.asm
                    DISOK   0x00ca36    program     extern H:\YOGESH PROJECT\PROJECT\1.LED TUBE TESTER\LTT_D_02_01 final\led_tube_final_master\16_Channel_18_Nov\DOT_MARKER.c
             Delay10KTCYx   0x00eb16    program     extern E:\c18v3.46\pic18-lt\cxx-framework\src\traditional\delays\d10ktcyx.asm
              Delay1KTCYx   0x00eb70    program     extern E:\c18v3.46\pic18-lt\cxx-framework\src\traditional\delays\d1ktcyx.asm
                 Delay_ms   0x00e320    program     extern H:\YOGESH PROJECT\PROJECT\1.LED TUBE TESTER\LTT_D_02_01 final\led_tube_final_master\16_Channel_18_Nov\lcd.c
                 Delay_us   0x00e396    program     extern H:\YOGESH PROJECT\PROJECT\1.LED TUBE TESTER\LTT_D_02_01 final\led_tube_final_master\16_Channel_18_Nov\lcd.c
              EEPROM_Load   0x00ab02    program     extern H:\YOGESH PROJECT\PROJECT\1.LED TUBE TESTER\LTT_D_02_01 final\led_tube_final_master\16_Channel_18_Nov\logger.c
              EEpromClear   0x00ea00    program     extern H:\YOGESH PROJECT\PROJECT\1.LED TUBE TESTER\LTT_D_02_01 final\led_tube_final_master\16_Channel_18_Nov\param.c
                EEpromGet   0x00e830    program     extern H:\YOGESH PROJECT\PROJECT\1.LED TUBE TESTER\LTT_D_02_01 final\led_tube_final_master\16_Channel_18_Nov\param.c
                EEpromPut   0x00e886    program     extern H:\YOGESH PROJECT\PROJECT\1.LED TUBE TESTER\LTT_D_02_01 final\led_tube_final_master\16_Channel_18_Nov\param.c
               EEpromRead   0x00e96c    program     extern H:\YOGESH PROJECT\PROJECT\1.LED TUBE TESTER\LTT_D_02_01 final\led_tube_final_master\16_Channel_18_Nov\param.c
              EEpromWrite   0x00e8da    program     extern H:\YOGESH PROJECT\PROJECT\1.LED TUBE TESTER\LTT_D_02_01 final\led_tube_final_master\16_Channel_18_Nov\param.c
                 FLO1632S   0x00e3e6    program     extern E:\c18v3.46\pic18-lt\cxx-framework\src\traditional\math\cast16FP.asm
                 FLO1632U   0x00e3e2    program     extern E:\c18v3.46\pic18-lt\cxx-framework\src\traditional\math\cast16FP.asm
                 FLO3232S   0x00e410    program     extern E:\c18v3.46\pic18-lt\cxx-framework\src\traditional\math\cast32FP.asm
                 FLO3232U   0x00e40c    program     extern E:\c18v3.46\pic18-lt\cxx-framework\src\traditional\math\cast32FP.asm
                    FPD32   0x00e442    program     extern E:\c18v3.46\pic18-lt\cxx-framework\src\traditional\math\divFP.asm
                    FPM32   0x00e4e8    program     extern E:\c18v3.46\pic18-lt\cxx-framework\src\traditional\math\mulFP.asm
                 FXD0808U   0x00ebcc    program     extern E:\c18v3.46\pic18-lt\cxx-framework\src\traditional\math\fxd0808u.c
                 FXD1616U   0x00eb44    program     extern E:\c18v3.46\pic18-lt\cxx-framework\src\traditional\math\fxd1616u.c
                 FXM1616S   0x00e5c2    program     extern E:\c18v3.46\pic18-lt\cxx-framework\src\traditional\math\fxm1616s.asm
                 FXM1616U   0x00e61c    program     extern E:\c18v3.46\pic18-lt\cxx-framework\src\traditional\math\fxm1616u.asm
                  INT3216   0x00e658    program     extern E:\c18v3.46\pic18-lt\cxx-framework\src\traditional\math\castFP16.asm
                  INT3232   0x00e6b6    program     extern E:\c18v3.46\pic18-lt\cxx-framework\src\traditional\math\castFP32.asm
                MANUL_CHK   0x00d234    program     extern H:\YOGESH PROJECT\PROJECT\1.LED TUBE TESTER\LTT_D_02_01 final\led_tube_final_master\16_Channel_18_Nov\RESULT.C
                   NEWHAR   0x00cdb4    program     extern H:\YOGESH PROJECT\PROJECT\1.LED TUBE TESTER\LTT_D_02_01 final\led_tube_final_master\16_Channel_18_Nov\DOT_MARKER.c
                   Page_1   0x0007c6    program     extern H:\YOGESH PROJECT\PROJECT\1.LED TUBE TESTER\LTT_D_02_01 final\led_tube_final_master\16_Channel_18_Nov\keypad.c
                 Page_Max   0x000e66    program     extern H:\YOGESH PROJECT\PROJECT\1.LED TUBE TESTER\LTT_D_02_01 final\led_tube_final_master\16_Channel_18_Nov\keypad.c
                    START   0x006da0    program     extern H:\YOGESH PROJECT\PROJECT\1.LED TUBE TESTER\LTT_D_02_01 final\led_tube_final_master\16_Channel_18_Nov\keypad.c
               TSIGN1616A   0x00e60e    program     static E:\c18v3.46\pic18-lt\cxx-framework\src\traditional\math\fxm1616s.asm
                   TSTOVR   0x00c73a    program     extern H:\YOGESH PROJECT\PROJECT\1.LED TUBE TESTER\LTT_D_02_01 final\led_tube_final_master\16_Channel_18_Nov\DOT_MARKER.c
               UART_Init2   0x00de50    program     extern H:\YOGESH PROJECT\PROJECT\1.LED TUBE TESTER\LTT_D_02_01 final\led_tube_final_master\16_Channel_18_Nov\SERIAL.C
       _D10KTCYXCODE_0010   0x00eb26    program     static E:\c18v3.46\pic18-lt\cxx-framework\src\traditional\delays\d10ktcyx.asm
       _D10KTCYXCODE_001C   0x00eb32    program     static E:\c18v3.46\pic18-lt\cxx-framework\src\traditional\delays\d10ktcyx.asm
        _D1KTCYXCODE_0010   0x00eb80    program     static E:\c18v3.46\pic18-lt\cxx-framework\src\traditional\delays\d1ktcyx.asm
        _D1KTCYXCODE_0016   0x00eb86    program     static E:\c18v3.46\pic18-lt\cxx-framework\src\traditional\delays\d1ktcyx.asm
                 __FpExit   0x00e730    program     extern E:\c18v3.46\pic18-lt\cxx-framework\src\traditional\math\packFP.asm
                 __FpPack   0x00e75c    program     extern E:\c18v3.46\pic18-lt\cxx-framework\src\traditional\math\packFP.asm
            __FpReturnNaN   0x00e724    program     extern E:\c18v3.46\pic18-lt\cxx-framework\src\traditional\math\packFP.asm
         __FpReturnNegInf   0x00e736    program     extern E:\c18v3.46\pic18-lt\cxx-framework\src\traditional\math\packFP.asm
        __FpReturnNegZero   0x00e74e    program     extern E:\c18v3.46\pic18-lt\cxx-framework\src\traditional\math\packFP.asm
         __FpReturnPosInf   0x00e73c    program     extern E:\c18v3.46\pic18-lt\cxx-framework\src\traditional\math\packFP.asm
        __FpReturnPosZero   0x00e756    program     extern E:\c18v3.46\pic18-lt\cxx-framework\src\traditional\math\packFP.asm
        __FpReturnSignInf   0x00e732    program     extern E:\c18v3.46\pic18-lt\cxx-framework\src\traditional\math\packFP.asm
       __FpReturnSignZero   0x00e74a    program     extern E:\c18v3.46\pic18-lt\cxx-framework\src\traditional\math\packFP.asm
              __FpReturnW   0x00e7b4    program     extern E:\c18v3.46\pic18-lt\cxx-framework\src\traditional\math\packFP.asm
              __FpUnPackA   0x00e7d4    program     extern E:\c18v3.46\pic18-lt\cxx-framework\src\traditional\math\UnpackFP.asm
              __FpUnPackB   0x00e804    program     extern E:\c18v3.46\pic18-lt\cxx-framework\src\traditional\math\UnpackFP.asm
       ___return_lbl00000   0x000004    program     static                          
       ___return_lbl00000   0x00ebe6    program     static                          
       ___return_lbl00000   0x00eb6e    program     static                          
       ___return_lbl00001   0x00ebca    program     static                          
       ___return_lbl00001   0x00e8c6    program     static                          
       ___return_lbl00002   0x00eb14    program     static                          
        ___while_lbl00002   0x00e8be    program     static                          
        ___while_lbl00003   0x00e8c2    program     static                          
                   __init   0x000006    program     extern E:\c18v3.46\pic18-lt\cxx-framework\src\traditional\stdclib\__init.c
             __tmplbl_216   0x00b8d0    program     static                          
             __tmplbl_217   0x00c66e    program     static                          
              __tmplbl_46   0x0050c0    program     static                          
              __tmplbl_47   0x0050be    program     static                          
              __tmplbl_48   0x0050be    program     static                          
              __tmplbl_49   0x0050be    program     static                          
              __tmplbl_50   0x0050be    program     static                          
              __tmplbl_51   0x0050be    program     static                          
              __tmplbl_56   0x0079b4    program     static                          
              __tmplbl_57   0x0079b4    program     static                          
              __tmplbl_58   0x0079b4    program     static                          
              __tmplbl_59   0x0079ac    program     static                          
              __tmplbl_60   0x0079ac    program     static                          
              __tmplbl_64   0x006ed4    program     static                          
              __tmplbl_65   0x00849c    program     static                          
              __tmplbl_66   0x00849c    program     static                          
              __tmplbl_67   0x00849c    program     static                          
              __tmplbl_74   0x007ae8    program     static                          
            __zero_memory   0x00eb90    program     extern E:\c18v3.46\pic18-lt\cxx-framework\src\traditional\proc\p18f46k22.asm
                _do_cinit   0x00ea78    program     extern E:\c18v3.46\pic18-lt\cxx-framework\src\traditional\startup\c018i.c
                   _entry   0x000000    program     extern E:\c18v3.46\pic18-lt\cxx-framework\src\traditional\startup\c018i.c
                 _startup   0x00ebb0    program     extern E:\c18v3.46\pic18-lt\cxx-framework\src\traditional\startup\c018i.c
                   buzzer   0x00d1fe    program     extern H:\YOGESH PROJECT\PROJECT\1.LED TUBE TESTER\LTT_D_02_01 final\led_tube_final_master\16_Channel_18_Nov\DOT_MARKER.c
                     c_wr   0x00e148    program     extern H:\YOGESH PROJECT\PROJECT\1.LED TUBE TESTER\LTT_D_02_01 final\led_tube_final_master\16_Channel_18_Nov\lcd.c
                  cal_lux   0x002bbe    program     extern H:\YOGESH PROJECT\PROJECT\1.LED TUBE TESTER\LTT_D_02_01 final\led_tube_final_master\16_Channel_18_Nov\keypad.c
              calibration   0x002d42    program     extern H:\YOGESH PROJECT\PROJECT\1.LED TUBE TESTER\LTT_D_02_01 final\led_tube_final_master\16_Channel_18_Nov\keypad.c
                compare_l   0x00eba6    program     static E:\c18v3.46\pic18-lt\cxx-framework\src\traditional\proc\p18f46k22.asm
                copy_loop   0x00eaea    program     static                          
            copy_one_byte   0x00eaf0    program     static                          
                  counter   0x00d19c    program     extern H:\YOGESH PROJECT\PROJECT\1.LED TUBE TESTER\LTT_D_02_01 final\led_tube_final_master\16_Channel_18_Nov\DOT_MARKER.c
             current_read   0x0085a4    program     extern H:\YOGESH PROJECT\PROJECT\1.LED TUBE TESTER\LTT_D_02_01 final\led_tube_final_master\16_Channel_18_Nov\keypad.c
          current_read24V   0x008644    program     extern H:\YOGESH PROJECT\PROJECT\1.LED TUBE TESTER\LTT_D_02_01 final\led_tube_final_master\16_Channel_18_Nov\keypad.c
                     d_wr   0x00e1da    program     extern H:\YOGESH PROJECT\PROJECT\1.LED TUBE TESTER\LTT_D_02_01 final\led_tube_final_master\16_Channel_18_Nov\lcd.c
               decridigit   0x00545c    program     extern H:\YOGESH PROJECT\PROJECT\1.LED TUBE TESTER\LTT_D_02_01 final\led_tube_final_master\16_Channel_18_Nov\keypad.c
           decridigit_set   0x00630c    program     extern H:\YOGESH PROJECT\PROJECT\1.LED TUBE TESTER\LTT_D_02_01 final\led_tube_final_master\16_Channel_18_Nov\keypad.c
                    delay   0x00e298    program     extern H:\YOGESH PROJECT\PROJECT\1.LED TUBE TESTER\LTT_D_02_01 final\led_tube_final_master\16_Channel_18_Nov\lcd.c
                  delayms   0x006d3c    program     extern H:\YOGESH PROJECT\PROJECT\1.LED TUBE TESTER\LTT_D_02_01 final\led_tube_final_master\16_Channel_18_Nov\keypad.c
                  display   0x00e026    program     extern H:\YOGESH PROJECT\PROJECT\1.LED TUBE TESTER\LTT_D_02_01 final\led_tube_final_master\16_Channel_18_Nov\lcd.c
                     done   0x00eb14    program     static                          
             done_copying   0x00eafe    program     static                          
                  endloop   0x00eb6a    program     static                          
                  endloop   0x00ebe2    program     static                          
               incridigit   0x005282    program     extern H:\YOGESH PROJECT\PROJECT\1.LED TUBE TESTER\LTT_D_02_01 final\led_tube_final_master\16_Channel_18_Nov\keypad.c
           incridigit_set   0x006132    program     extern H:\YOGESH PROJECT\PROJECT\1.LED TUBE TESTER\LTT_D_02_01 final\led_tube_final_master\16_Channel_18_Nov\keypad.c
                 init_lcd   0x00e078    program     extern H:\YOGESH PROJECT\PROJECT\1.LED TUBE TESTER\LTT_D_02_01 final\led_tube_final_master\16_Channel_18_Nov\lcd.c
                 jANotInf   0x00e460    program     static E:\c18v3.46\pic18-lt\cxx-framework\src\traditional\math\divFP.asm
                 jANotInf   0x00e506    program     static E:\c18v3.46\pic18-lt\cxx-framework\src\traditional\math\mulFP.asm
                jANotZero   0x00e474    program     static E:\c18v3.46\pic18-lt\cxx-framework\src\traditional\math\divFP.asm
              jBothFinite   0x00e514    program     static E:\c18v3.46\pic18-lt\cxx-framework\src\traditional\math\mulFP.asm
             jBothNotZero   0x00e520    program     static E:\c18v3.46\pic18-lt\cxx-framework\src\traditional\math\mulFP.asm
                    jExit   0x00e722    program     static E:\c18v3.46\pic18-lt\cxx-framework\src\traditional\math\castFP32.asm
                    jExit   0x00e6b4    program     static E:\c18v3.46\pic18-lt\cxx-framework\src\traditional\math\castFP16.asm
                jHaveZero   0x00e51c    program     static E:\c18v3.46\pic18-lt\cxx-framework\src\traditional\math\mulFP.asm
                jI2F16Beg   0x00e3f6    program     static E:\c18v3.46\pic18-lt\cxx-framework\src\traditional\math\cast16FP.asm
                jI2F32Beg   0x00e428    program     static E:\c18v3.46\pic18-lt\cxx-framework\src\traditional\math\cast32FP.asm
                    jLoop   0x00e49c    program     static E:\c18v3.46\pic18-lt\cxx-framework\src\traditional\math\divFP.asm
                    jLoop   0x00e6f6    program     static E:\c18v3.46\pic18-lt\cxx-framework\src\traditional\math\castFP32.asm
                    jLoop   0x00e694    program     static E:\c18v3.46\pic18-lt\cxx-framework\src\traditional\math\castFP16.asm
                jLoopExit   0x00e6a4    program     static E:\c18v3.46\pic18-lt\cxx-framework\src\traditional\math\castFP16.asm
                jLoopExit   0x00e70a    program     static E:\c18v3.46\pic18-lt\cxx-framework\src\traditional\math\castFP32.asm
                     jMax   0x00e6c6    program     static E:\c18v3.46\pic18-lt\cxx-framework\src\traditional\math\castFP32.asm
                     jMax   0x00e668    program     static E:\c18v3.46\pic18-lt\cxx-framework\src\traditional\math\castFP16.asm
                  jMaxNeg   0x00e676    program     static E:\c18v3.46\pic18-lt\cxx-framework\src\traditional\math\castFP16.asm
                  jMaxNeg   0x00e6d8    program     static E:\c18v3.46\pic18-lt\cxx-framework\src\traditional\math\castFP32.asm
                  jMaxPos   0x00e66c    program     static E:\c18v3.46\pic18-lt\cxx-framework\src\traditional\math\castFP16.asm
                  jMaxPos   0x00e6ca    program     static E:\c18v3.46\pic18-lt\cxx-framework\src\traditional\math\castFP32.asm
                    jNext   0x00e4c2    program     static E:\c18v3.46\pic18-lt\cxx-framework\src\traditional\math\divFP.asm
                jNoAdjust   0x00e4c0    program     static E:\c18v3.46\pic18-lt\cxx-framework\src\traditional\math\divFP.asm
                  jNotInf   0x00e684    program     static E:\c18v3.46\pic18-lt\cxx-framework\src\traditional\math\castFP16.asm
                  jNotInf   0x00e6e4    program     static E:\c18v3.46\pic18-lt\cxx-framework\src\traditional\math\castFP32.asm
                  jPkLoop   0x00e76a    program     static E:\c18v3.46\pic18-lt\cxx-framework\src\traditional\math\packFP.asm
             jPkRoundDone   0x00e7b4    program     static E:\c18v3.46\pic18-lt\cxx-framework\src\traditional\math\packFP.asm
               jPkRoundIt   0x00e79c    program     static E:\c18v3.46\pic18-lt\cxx-framework\src\traditional\math\packFP.asm
             jPkShiftDone   0x00e786    program     static E:\c18v3.46\pic18-lt\cxx-framework\src\traditional\math\packFP.asm
           jReturnPosInf0   0x00e740    program     static E:\c18v3.46\pic18-lt\cxx-framework\src\traditional\math\packFP.asm
              jSignedZero   0x00e46a    program     static E:\c18v3.46\pic18-lt\cxx-framework\src\traditional\math\divFP.asm
                  jUnpkA1   0x00e7de    program     static E:\c18v3.46\pic18-lt\cxx-framework\src\traditional\math\UnpackFP.asm
                  jUnpkA2   0x00e7f6    program     static E:\c18v3.46\pic18-lt\cxx-framework\src\traditional\math\UnpackFP.asm
                 jUnpkANZ   0x00e7ec    program     static E:\c18v3.46\pic18-lt\cxx-framework\src\traditional\math\UnpackFP.asm
                  jUnpkB1   0x00e80e    program     static E:\c18v3.46\pic18-lt\cxx-framework\src\traditional\math\UnpackFP.asm
                  jUnpkB2   0x00e826    program     static E:\c18v3.46\pic18-lt\cxx-framework\src\traditional\math\UnpackFP.asm
                 jUnpkBNZ   0x00e81c    program     static E:\c18v3.46\pic18-lt\cxx-framework\src\traditional\math\UnpackFP.asm
                 jUnpkNaN   0x00e800    program     static E:\c18v3.46\pic18-lt\cxx-framework\src\traditional\math\UnpackFP.asm
                   jWr123   0x00e6d0    program     static E:\c18v3.46\pic18-lt\cxx-framework\src\traditional\math\castFP32.asm
                  jWrZ123   0x00e6e0    program     static E:\c18v3.46\pic18-lt\cxx-framework\src\traditional\math\castFP32.asm
                    jZero   0x00e6de    program     static E:\c18v3.46\pic18-lt\cxx-framework\src\traditional\math\castFP32.asm
                    jZero   0x00e67e    program     static E:\c18v3.46\pic18-lt\cxx-framework\src\traditional\math\castFP16.asm
               jZero1and2   0x00e744    program     static E:\c18v3.46\pic18-lt\cxx-framework\src\traditional\math\packFP.asm
                   keypad   0x003e64    program     extern H:\YOGESH PROJECT\PROJECT\1.LED TUBE TESTER\LTT_D_02_01 final\led_tube_final_master\16_Channel_18_Nov\keypad.c
                  keypad1   0x0050c2    program     extern H:\YOGESH PROJECT\PROJECT\1.LED TUBE TESTER\LTT_D_02_01 final\led_tube_final_master\16_Channel_18_Nov\keypad.c
           keypad_calling   0x002dea    program     extern H:\YOGESH PROJECT\PROJECT\1.LED TUBE TESTER\LTT_D_02_01 final\led_tube_final_master\16_Channel_18_Nov\keypad.c
               keypad_set   0x005f26    program     extern H:\YOGESH PROJECT\PROJECT\1.LED TUBE TESTER\LTT_D_02_01 final\led_tube_final_master\16_Channel_18_Nov\keypad.c
               lcd_gotoxy   0x00dfb4    program     extern H:\YOGESH PROJECT\PROJECT\1.LED TUBE TESTER\LTT_D_02_01 final\led_tube_final_master\16_Channel_18_Nov\lcd.c
          lcd_num_display   0x00a936    program     extern H:\YOGESH PROJECT\PROJECT\1.LED TUBE TESTER\LTT_D_02_01 final\led_tube_final_master\16_Channel_18_Nov\logger.c
               lcd_string   0x00df2a    program     extern H:\YOGESH PROJECT\PROJECT\1.LED TUBE TESTER\LTT_D_02_01 final\led_tube_final_master\16_Channel_18_Nov\lcd.c
                     loop   0x00eb4e    program     static                          
                     loop   0x00ebc0    program     static                          
                     loop   0x00ebd4    program     static                          
                   loop_h   0x00eb9e    program     static E:\c18v3.46\pic18-lt\cxx-framework\src\traditional\proc\p18f46k22.asm
                   loop_l   0x00eba8    program     static E:\c18v3.46\pic18-lt\cxx-framework\src\traditional\proc\p18f46k22.asm
                      m24   0x00d612    program     extern H:\YOGESH PROJECT\PROJECT\1.LED TUBE TESTER\LTT_D_02_01 final\led_tube_final_master\16_Channel_18_Nov\RESULT.C
                     main   0x000008    program     extern H:\YOGESH PROJECT\PROJECT\1.LED TUBE TESTER\LTT_D_02_01 final\led_tube_final_master\16_Channel_18_Nov\keypad.c
              menu_button   0x002dfa    program     extern H:\YOGESH PROJECT\PROJECT\1.LED TUBE TESTER\LTT_D_02_01 final\led_tube_final_master\16_Channel_18_Nov\keypad.c
              movepasscur   0x00562e    program     extern H:\YOGESH PROJECT\PROJECT\1.LED TUBE TESTER\LTT_D_02_01 final\led_tube_final_master\16_Channel_18_Nov\keypad.c
          movepasscur_set   0x0064de    program     extern H:\YOGESH PROJECT\PROJECT\1.LED TUBE TESTER\LTT_D_02_01 final\led_tube_final_master\16_Channel_18_Nov\keypad.c
                  rev_pol   0x009e0a    program     extern H:\YOGESH PROJECT\PROJECT\1.LED TUBE TESTER\LTT_D_02_01 final\led_tube_final_master\16_Channel_18_Nov\keypad.c
                send_char   0x00dec6    program     extern H:\YOGESH PROJECT\PROJECT\1.LED TUBE TESTER\LTT_D_02_01 final\led_tube_final_master\16_Channel_18_Nov\SERIAL.C
            send_charCom2   0x00de68    program     extern H:\YOGESH PROJECT\PROJECT\1.LED TUBE TESTER\LTT_D_02_01 final\led_tube_final_master\16_Channel_18_Nov\SERIAL.C
                 send_str   0x00dee0    program     extern H:\YOGESH PROJECT\PROJECT\1.LED TUBE TESTER\LTT_D_02_01 final\led_tube_final_master\16_Channel_18_Nov\SERIAL.C
             send_strCom2   0x00de82    program     extern H:\YOGESH PROJECT\PROJECT\1.LED TUBE TESTER\LTT_D_02_01 final\led_tube_final_master\16_Channel_18_Nov\SERIAL.C
                   serRX2   0x00df20    program     extern H:\YOGESH PROJECT\PROJECT\1.LED TUBE TESTER\LTT_D_02_01 final\led_tube_final_master\16_Channel_18_Nov\SERIAL.C
                   serial   0x006d86    program     extern H:\YOGESH PROJECT\PROJECT\1.LED TUBE TESTER\LTT_D_02_01 final\led_tube_final_master\16_Channel_18_Nov\keypad.c
           serial_display   0x00db02    program     extern H:\YOGESH PROJECT\PROJECT\1.LED TUBE TESTER\LTT_D_02_01 final\led_tube_final_master\16_Channel_18_Nov\SERIAL.C
         serial_display_A   0x00dd36    program     extern H:\YOGESH PROJECT\PROJECT\1.LED TUBE TESTER\LTT_D_02_01 final\led_tube_final_master\16_Channel_18_Nov\SERIAL.C
        serial_display_mv   0x00dc1c    program     extern H:\YOGESH PROJECT\PROJECT\1.LED TUBE TESTER\LTT_D_02_01 final\led_tube_final_master\16_Channel_18_Nov\SERIAL.C
       serial_display_num   0x00d9f0    program     extern H:\YOGESH PROJECT\PROJECT\1.LED TUBE TESTER\LTT_D_02_01 final\led_tube_final_master\16_Channel_18_Nov\SERIAL.C
                  set_max   0x005ac6    program     extern H:\YOGESH PROJECT\PROJECT\1.LED TUBE TESTER\LTT_D_02_01 final\led_tube_final_master\16_Channel_18_Nov\keypad.c
            set_max_count   0x006516    program     extern H:\YOGESH PROJECT\PROJECT\1.LED TUBE TESTER\LTT_D_02_01 final\led_tube_final_master\16_Channel_18_Nov\keypad.c
                  set_min   0x005666    program     extern H:\YOGESH PROJECT\PROJECT\1.LED TUBE TESTER\LTT_D_02_01 final\led_tube_final_master\16_Channel_18_Nov\keypad.c
            set_min_count   0x00691c    program     extern H:\YOGESH PROJECT\PROJECT\1.LED TUBE TESTER\LTT_D_02_01 final\led_tube_final_master\16_Channel_18_Nov\keypad.c
                  target1   0x0025d6    program     extern H:\YOGESH PROJECT\PROJECT\1.LED TUBE TESTER\LTT_D_02_01 final\led_tube_final_master\16_Channel_18_Nov\keypad.c
                     test   0x00ea92    program     static                          
                 timepass   0x00520c    program     extern H:\YOGESH PROJECT\PROJECT\1.LED TUBE TESTER\LTT_D_02_01 final\led_tube_final_master\16_Channel_18_Nov\keypad.c
                tmr_delay   0x00c670    program     extern H:\YOGESH PROJECT\PROJECT\1.LED TUBE TESTER\LTT_D_02_01 final\led_tube_final_master\16_Channel_18_Nov\DOT_MARKER.c
                   toggle   0x00e26c    program     extern H:\YOGESH PROJECT\PROJECT\1.LED TUBE TESTER\LTT_D_02_01 final\led_tube_final_master\16_Channel_18_Nov\lcd.c
                  v12_chk   0x00929e    program     extern H:\YOGESH PROJECT\PROJECT\1.LED TUBE TESTER\LTT_D_02_01 final\led_tube_final_master\16_Channel_18_Nov\keypad.c
                   v24_ps   0x00a3fc    program     extern H:\YOGESH PROJECT\PROJECT\1.LED TUBE TESTER\LTT_D_02_01 final\led_tube_final_master\16_Channel_18_Nov\keypad.c
                   v32_ps   0x008e5c    program     extern H:\YOGESH PROJECT\PROJECT\1.LED TUBE TESTER\LTT_D_02_01 final\led_tube_final_master\16_Channel_18_Nov\keypad.c
               v_NGC_DISP   0x0086e4    program     extern H:\YOGESH PROJECT\PROJECT\1.LED TUBE TESTER\LTT_D_02_01 final\led_tube_final_master\16_Channel_18_Nov\keypad.c
               v_NGD_DISP   0x008c6e    program     extern H:\YOGESH PROJECT\PROJECT\1.LED TUBE TESTER\LTT_D_02_01 final\led_tube_final_master\16_Channel_18_Nov\keypad.c
               v_OKC_DISP   0x0088ae    program     extern H:\YOGESH PROJECT\PROJECT\1.LED TUBE TESTER\LTT_D_02_01 final\led_tube_final_master\16_Channel_18_Nov\keypad.c
               v_OKD_DISP   0x008a9c    program     extern H:\YOGESH PROJECT\PROJECT\1.LED TUBE TESTER\LTT_D_02_01 final\led_tube_final_master\16_Channel_18_Nov\keypad.c
             voltage_read   0x00849e    program     extern H:\YOGESH PROJECT\PROJECT\1.LED TUBE TESTER\LTT_D_02_01 final\led_tube_final_master\16_Channel_18_Nov\keypad.c
               zero_block   0x00eb9e    program     static E:\c18v3.46\pic18-lt\cxx-framework\src\traditional\proc\p18f46k22.asm
                   ADCON0   0x000fc2       data     extern E:\c18v3.46\pic18-lt\cxx-framework\src\traditional\proc\p18f46k22.asm
               ADCON0bits   0x000fc2       data     extern E:\c18v3.46\pic18-lt\cxx-framework\src\traditional\proc\p18f46k22.asm
                   ADCON1   0x000fc1       data     extern E:\c18v3.46\pic18-lt\cxx-framework\src\traditional\proc\p18f46k22.asm
               ADCON1bits   0x000fc1       data     extern E:\c18v3.46\pic18-lt\cxx-framework\src\traditional\proc\p18f46k22.asm
                   ADCON2   0x000fc0       data     extern E:\c18v3.46\pic18-lt\cxx-framework\src\traditional\proc\p18f46k22.asm
               ADCON2bits   0x000fc0       data     extern E:\c18v3.46\pic18-lt\cxx-framework\src\traditional\proc\p18f46k22.asm
                    ADRES   0x000fc3       data     extern E:\c18v3.46\pic18-lt\cxx-framework\src\traditional\proc\p18f46k22.asm
                   ADRESH   0x000fc4       data     extern E:\c18v3.46\pic18-lt\cxx-framework\src\traditional\proc\p18f46k22.asm
                   ADRESL   0x000fc3       data     extern E:\c18v3.46\pic18-lt\cxx-framework\src\traditional\proc\p18f46k22.asm
                   ANSELA   0x000f38       data     extern E:\c18v3.46\pic18-lt\cxx-framework\src\traditional\proc\p18f46k22.asm
               ANSELAbits   0x000f38       data     extern E:\c18v3.46\pic18-lt\cxx-framework\src\traditional\proc\p18f46k22.asm
                   ANSELB   0x000f39       data     extern E:\c18v3.46\pic18-lt\cxx-framework\src\traditional\proc\p18f46k22.asm
               ANSELBbits   0x000f39       data     extern E:\c18v3.46\pic18-lt\cxx-framework\src\traditional\proc\p18f46k22.asm
                   ANSELC   0x000f3a       data     extern E:\c18v3.46\pic18-lt\cxx-framework\src\traditional\proc\p18f46k22.asm
               ANSELCbits   0x000f3a       data     extern E:\c18v3.46\pic18-lt\cxx-framework\src\traditional\proc\p18f46k22.asm
                   ANSELD   0x000f3b       data     extern E:\c18v3.46\pic18-lt\cxx-framework\src\traditional\proc\p18f46k22.asm
               ANSELDbits   0x000f3b       data     extern E:\c18v3.46\pic18-lt\cxx-framework\src\traditional\proc\p18f46k22.asm
                   ANSELE   0x000f3c       data     extern E:\c18v3.46\pic18-lt\cxx-framework\src\traditional\proc\p18f46k22.asm
               ANSELEbits   0x000f3c       data     extern E:\c18v3.46\pic18-lt\cxx-framework\src\traditional\proc\p18f46k22.asm
                 BAUD1CON   0x000fb8       data     extern E:\c18v3.46\pic18-lt\cxx-framework\src\traditional\proc\p18f46k22.asm
             BAUD1CONbits   0x000fb8       data     extern E:\c18v3.46\pic18-lt\cxx-framework\src\traditional\proc\p18f46k22.asm
                 BAUD2CON   0x000f70       data     extern E:\c18v3.46\pic18-lt\cxx-framework\src\traditional\proc\p18f46k22.asm
             BAUD2CONbits   0x000f70       data     extern E:\c18v3.46\pic18-lt\cxx-framework\src\traditional\proc\p18f46k22.asm
                  BAUDCON   0x000fb8       data     extern E:\c18v3.46\pic18-lt\cxx-framework\src\traditional\proc\p18f46k22.asm
                 BAUDCON1   0x000fb8       data     extern E:\c18v3.46\pic18-lt\cxx-framework\src\traditional\proc\p18f46k22.asm
             BAUDCON1bits   0x000fb8       data     extern E:\c18v3.46\pic18-lt\cxx-framework\src\traditional\proc\p18f46k22.asm
                 BAUDCON2   0x000f70       data     extern E:\c18v3.46\pic18-lt\cxx-framework\src\traditional\proc\p18f46k22.asm
             BAUDCON2bits   0x000f70       data     extern E:\c18v3.46\pic18-lt\cxx-framework\src\traditional\proc\p18f46k22.asm
              BAUDCONbits   0x000fb8       data     extern E:\c18v3.46\pic18-lt\cxx-framework\src\traditional\proc\p18f46k22.asm
                  BAUDCTL   0x000fb8       data     extern E:\c18v3.46\pic18-lt\cxx-framework\src\traditional\proc\p18f46k22.asm
              BAUDCTLbits   0x000fb8       data     extern E:\c18v3.46\pic18-lt\cxx-framework\src\traditional\proc\p18f46k22.asm
                      BSR   0x000fe0       data     extern E:\c18v3.46\pic18-lt\cxx-framework\src\traditional\proc\p18f46k22.asm
                  CCP1CON   0x000fbd       data     extern E:\c18v3.46\pic18-lt\cxx-framework\src\traditional\proc\p18f46k22.asm
              CCP1CONbits   0x000fbd       data     extern E:\c18v3.46\pic18-lt\cxx-framework\src\traditional\proc\p18f46k22.asm
                   CCP2AS   0x000f64       data     extern E:\c18v3.46\pic18-lt\cxx-framework\src\traditional\proc\p18f46k22.asm
               CCP2ASbits   0x000f64       data     extern E:\c18v3.46\pic18-lt\cxx-framework\src\traditional\proc\p18f46k22.asm
                  CCP2CON   0x000f66       data     extern E:\c18v3.46\pic18-lt\cxx-framework\src\traditional\proc\p18f46k22.asm
              CCP2CONbits   0x000f66       data     extern E:\c18v3.46\pic18-lt\cxx-framework\src\traditional\proc\p18f46k22.asm
                   CCP3AS   0x000f5b       data     extern E:\c18v3.46\pic18-lt\cxx-framework\src\traditional\proc\p18f46k22.asm
               CCP3ASbits   0x000f5b       data     extern E:\c18v3.46\pic18-lt\cxx-framework\src\traditional\proc\p18f46k22.asm
                  CCP3CON   0x000f5d       data     extern E:\c18v3.46\pic18-lt\cxx-framework\src\traditional\proc\p18f46k22.asm
              CCP3CONbits   0x000f5d       data     extern E:\c18v3.46\pic18-lt\cxx-framework\src\traditional\proc\p18f46k22.asm
                  CCP4CON   0x000f57       data     extern E:\c18v3.46\pic18-lt\cxx-framework\src\traditional\proc\p18f46k22.asm
              CCP4CONbits   0x000f57       data     extern E:\c18v3.46\pic18-lt\cxx-framework\src\traditional\proc\p18f46k22.asm
                  CCP5CON   0x000f54       data     extern E:\c18v3.46\pic18-lt\cxx-framework\src\traditional\proc\p18f46k22.asm
              CCP5CONbits   0x000f54       data     extern E:\c18v3.46\pic18-lt\cxx-framework\src\traditional\proc\p18f46k22.asm
                    CCPR1   0x000fbe       data     extern E:\c18v3.46\pic18-lt\cxx-framework\src\traditional\proc\p18f46k22.asm
                   CCPR1H   0x000fbf       data     extern E:\c18v3.46\pic18-lt\cxx-framework\src\traditional\proc\p18f46k22.asm
                   CCPR1L   0x000fbe       data     extern E:\c18v3.46\pic18-lt\cxx-framework\src\traditional\proc\p18f46k22.asm
                    CCPR2   0x000f67       data     extern E:\c18v3.46\pic18-lt\cxx-framework\src\traditional\proc\p18f46k22.asm
                   CCPR2H   0x000f68       data     extern E:\c18v3.46\pic18-lt\cxx-framework\src\traditional\proc\p18f46k22.asm
                   CCPR2L   0x000f67       data     extern E:\c18v3.46\pic18-lt\cxx-framework\src\traditional\proc\p18f46k22.asm
                    CCPR3   0x000f5e       data     extern E:\c18v3.46\pic18-lt\cxx-framework\src\traditional\proc\p18f46k22.asm
                   CCPR3H   0x000f5f       data     extern E:\c18v3.46\pic18-lt\cxx-framework\src\traditional\proc\p18f46k22.asm
                   CCPR3L   0x000f5e       data     extern E:\c18v3.46\pic18-lt\cxx-framework\src\traditional\proc\p18f46k22.asm
                    CCPR4   0x000f58       data     extern E:\c18v3.46\pic18-lt\cxx-framework\src\traditional\proc\p18f46k22.asm
                   CCPR4H   0x000f59       data     extern E:\c18v3.46\pic18-lt\cxx-framework\src\traditional\proc\p18f46k22.asm
                   CCPR4L   0x000f58       data     extern E:\c18v3.46\pic18-lt\cxx-framework\src\traditional\proc\p18f46k22.asm
                    CCPR5   0x000f55       data     extern E:\c18v3.46\pic18-lt\cxx-framework\src\traditional\proc\p18f46k22.asm
                   CCPR5H   0x000f56       data     extern E:\c18v3.46\pic18-lt\cxx-framework\src\traditional\proc\p18f46k22.asm
                   CCPR5L   0x000f55       data     extern E:\c18v3.46\pic18-lt\cxx-framework\src\traditional\proc\p18f46k22.asm
                 CCPTMRS0   0x000f49       data     extern E:\c18v3.46\pic18-lt\cxx-framework\src\traditional\proc\p18f46k22.asm
             CCPTMRS0bits   0x000f49       data     extern E:\c18v3.46\pic18-lt\cxx-framework\src\traditional\proc\p18f46k22.asm
                 CCPTMRS1   0x000f48       data     extern E:\c18v3.46\pic18-lt\cxx-framework\src\traditional\proc\p18f46k22.asm
             CCPTMRS1bits   0x000f48       data     extern E:\c18v3.46\pic18-lt\cxx-framework\src\traditional\proc\p18f46k22.asm
                  CM12CON   0x000f77       data     extern E:\c18v3.46\pic18-lt\cxx-framework\src\traditional\proc\p18f46k22.asm
              CM12CONbits   0x000f77       data     extern E:\c18v3.46\pic18-lt\cxx-framework\src\traditional\proc\p18f46k22.asm
                   CM1CON   0x000f79       data     extern E:\c18v3.46\pic18-lt\cxx-framework\src\traditional\proc\p18f46k22.asm
                  CM1CON0   0x000f79       data     extern E:\c18v3.46\pic18-lt\cxx-framework\src\traditional\proc\p18f46k22.asm
              CM1CON0bits   0x000f79       data     extern E:\c18v3.46\pic18-lt\cxx-framework\src\traditional\proc\p18f46k22.asm
               CM1CONbits   0x000f79       data     extern E:\c18v3.46\pic18-lt\cxx-framework\src\traditional\proc\p18f46k22.asm
                   CM2CON   0x000f78       data     extern E:\c18v3.46\pic18-lt\cxx-framework\src\traditional\proc\p18f46k22.asm
                  CM2CON0   0x000f78       data     extern E:\c18v3.46\pic18-lt\cxx-framework\src\traditional\proc\p18f46k22.asm
              CM2CON0bits   0x000f78       data     extern E:\c18v3.46\pic18-lt\cxx-framework\src\traditional\proc\p18f46k22.asm
                  CM2CON1   0x000f77       data     extern E:\c18v3.46\pic18-lt\cxx-framework\src\traditional\proc\p18f46k22.asm
              CM2CON1bits   0x000f77       data     extern E:\c18v3.46\pic18-lt\cxx-framework\src\traditional\proc\p18f46k22.asm
               CM2CONbits   0x000f78       data     extern E:\c18v3.46\pic18-lt\cxx-framework\src\traditional\proc\p18f46k22.asm
                 CTMUCON0   0x000f45       data     extern E:\c18v3.46\pic18-lt\cxx-framework\src\traditional\proc\p18f46k22.asm
             CTMUCON0bits   0x000f45       data     extern E:\c18v3.46\pic18-lt\cxx-framework\src\traditional\proc\p18f46k22.asm
                 CTMUCON1   0x000f44       data     extern E:\c18v3.46\pic18-lt\cxx-framework\src\traditional\proc\p18f46k22.asm
             CTMUCON1bits   0x000f44       data     extern E:\c18v3.46\pic18-lt\cxx-framework\src\traditional\proc\p18f46k22.asm
                 CTMUCONH   0x000f45       data     extern E:\c18v3.46\pic18-lt\cxx-framework\src\traditional\proc\p18f46k22.asm
             CTMUCONHbits   0x000f45       data     extern E:\c18v3.46\pic18-lt\cxx-framework\src\traditional\proc\p18f46k22.asm
                 CTMUCONL   0x000f44       data     extern E:\c18v3.46\pic18-lt\cxx-framework\src\traditional\proc\p18f46k22.asm
             CTMUCONLbits   0x000f44       data     extern E:\c18v3.46\pic18-lt\cxx-framework\src\traditional\proc\p18f46k22.asm
                 CTMUICON   0x000f43       data     extern E:\c18v3.46\pic18-lt\cxx-framework\src\traditional\proc\p18f46k22.asm
                CTMUICONH   0x000f43       data     extern E:\c18v3.46\pic18-lt\cxx-framework\src\traditional\proc\p18f46k22.asm
            CTMUICONHbits   0x000f43       data     extern E:\c18v3.46\pic18-lt\cxx-framework\src\traditional\proc\p18f46k22.asm
             CTMUICONbits   0x000f43       data     extern E:\c18v3.46\pic18-lt\cxx-framework\src\traditional\proc\p18f46k22.asm
                  DACCON0   0x000f41       data     extern E:\c18v3.46\pic18-lt\cxx-framework\src\traditional\proc\p18f46k22.asm
              DACCON0bits   0x000f41       data     extern E:\c18v3.46\pic18-lt\cxx-framework\src\traditional\proc\p18f46k22.asm
                  DACCON1   0x000f40       data     extern E:\c18v3.46\pic18-lt\cxx-framework\src\traditional\proc\p18f46k22.asm
              DACCON1bits   0x000f40       data     extern E:\c18v3.46\pic18-lt\cxx-framework\src\traditional\proc\p18f46k22.asm
                     DDRA   0x000f92       data     extern E:\c18v3.46\pic18-lt\cxx-framework\src\traditional\proc\p18f46k22.asm
                 DDRAbits   0x000f92       data     extern E:\c18v3.46\pic18-lt\cxx-framework\src\traditional\proc\p18f46k22.asm
                     DDRB   0x000f93       data     extern E:\c18v3.46\pic18-lt\cxx-framework\src\traditional\proc\p18f46k22.asm
                 DDRBbits   0x000f93       data     extern E:\c18v3.46\pic18-lt\cxx-framework\src\traditional\proc\p18f46k22.asm
                     DDRC   0x000f94       data     extern E:\c18v3.46\pic18-lt\cxx-framework\src\traditional\proc\p18f46k22.asm
                 DDRCbits   0x000f94       data     extern E:\c18v3.46\pic18-lt\cxx-framework\src\traditional\proc\p18f46k22.asm
                     DDRD   0x000f95       data     extern E:\c18v3.46\pic18-lt\cxx-framework\src\traditional\proc\p18f46k22.asm
                 DDRDbits   0x000f95       data     extern E:\c18v3.46\pic18-lt\cxx-framework\src\traditional\proc\p18f46k22.asm
                     DDRE   0x000f96       data     extern E:\c18v3.46\pic18-lt\cxx-framework\src\traditional\proc\p18f46k22.asm
                 DDREbits   0x000f96       data     extern E:\c18v3.46\pic18-lt\cxx-framework\src\traditional\proc\p18f46k22.asm
            DelayCounter1   0x000041       data     extern E:\c18v3.46\pic18-lt\cxx-framework\src\traditional\delays\delayd1.asm
            DelayCounter2   0x000040       data     extern E:\c18v3.46\pic18-lt\cxx-framework\src\traditional\delays\delayd2.asm
                  ECCP1AS   0x000fb6       data     extern E:\c18v3.46\pic18-lt\cxx-framework\src\traditional\proc\p18f46k22.asm
              ECCP1ASbits   0x000fb6       data     extern E:\c18v3.46\pic18-lt\cxx-framework\src\traditional\proc\p18f46k22.asm
                  ECCP2AS   0x000f64       data     extern E:\c18v3.46\pic18-lt\cxx-framework\src\traditional\proc\p18f46k22.asm
              ECCP2ASbits   0x000f64       data     extern E:\c18v3.46\pic18-lt\cxx-framework\src\traditional\proc\p18f46k22.asm
                  ECCP3AS   0x000f5b       data     extern E:\c18v3.46\pic18-lt\cxx-framework\src\traditional\proc\p18f46k22.asm
              ECCP3ASbits   0x000f5b       data     extern E:\c18v3.46\pic18-lt\cxx-framework\src\traditional\proc\p18f46k22.asm
                   ECCPAS   0x000fb6       data     extern E:\c18v3.46\pic18-lt\cxx-framework\src\traditional\proc\p18f46k22.asm
               ECCPASbits   0x000fb6       data     extern E:\c18v3.46\pic18-lt\cxx-framework\src\traditional\proc\p18f46k22.asm
                    EEADR   0x000fa9       data     extern E:\c18v3.46\pic18-lt\cxx-framework\src\traditional\proc\p18f46k22.asm
                   EEADRH   0x000faa       data     extern E:\c18v3.46\pic18-lt\cxx-framework\src\traditional\proc\p18f46k22.asm
               EEADRHbits   0x000faa       data     extern E:\c18v3.46\pic18-lt\cxx-framework\src\traditional\proc\p18f46k22.asm
                EEADRbits   0x000fa9       data     extern E:\c18v3.46\pic18-lt\cxx-framework\src\traditional\proc\p18f46k22.asm
                   EECON1   0x000fa6       data     extern E:\c18v3.46\pic18-lt\cxx-framework\src\traditional\proc\p18f46k22.asm
               EECON1bits   0x000fa6       data     extern E:\c18v3.46\pic18-lt\cxx-framework\src\traditional\proc\p18f46k22.asm
                   EECON2   0x000fa7       data     extern E:\c18v3.46\pic18-lt\cxx-framework\src\traditional\proc\p18f46k22.asm
                   EEDATA   0x000fa8       data     extern E:\c18v3.46\pic18-lt\cxx-framework\src\traditional\proc\p18f46k22.asm
                      FCT   0x0000eb       data     extern H:\YOGESH PROJECT\PROJECT\1.LED TUBE TESTER\LTT_D_02_01 final\led_tube_final_master\16_Channel_18_Nov\keypad.c
                     FSR0   0x000fe9       data     extern E:\c18v3.46\pic18-lt\cxx-framework\src\traditional\proc\p18f46k22.asm
                    FSR0H   0x000fea       data     extern E:\c18v3.46\pic18-lt\cxx-framework\src\traditional\proc\p18f46k22.asm
                    FSR0L   0x000fe9       data     extern E:\c18v3.46\pic18-lt\cxx-framework\src\traditional\proc\p18f46k22.asm
                     FSR1   0x000fe1       data     extern E:\c18v3.46\pic18-lt\cxx-framework\src\traditional\proc\p18f46k22.asm
                    FSR1H   0x000fe2       data     extern E:\c18v3.46\pic18-lt\cxx-framework\src\traditional\proc\p18f46k22.asm
                    FSR1L   0x000fe1       data     extern E:\c18v3.46\pic18-lt\cxx-framework\src\traditional\proc\p18f46k22.asm
                     FSR2   0x000fd9       data     extern E:\c18v3.46\pic18-lt\cxx-framework\src\traditional\proc\p18f46k22.asm
                    FSR2H   0x000fda       data     extern E:\c18v3.46\pic18-lt\cxx-framework\src\traditional\proc\p18f46k22.asm
                    FSR2L   0x000fd9       data     extern E:\c18v3.46\pic18-lt\cxx-framework\src\traditional\proc\p18f46k22.asm
                   FVRCON   0x000f42       data     extern E:\c18v3.46\pic18-lt\cxx-framework\src\traditional\proc\p18f46k22.asm
               FVRCONbits   0x000f42       data     extern E:\c18v3.46\pic18-lt\cxx-framework\src\traditional\proc\p18f46k22.asm
                    F_FCT   0x0000ed       data     extern H:\YOGESH PROJECT\PROJECT\1.LED TUBE TESTER\LTT_D_02_01 final\led_tube_final_master\16_Channel_18_Nov\keypad.c
                   HARREJ   0x000101       data     extern H:\YOGESH PROJECT\PROJECT\1.LED TUBE TESTER\LTT_D_02_01 final\led_tube_final_master\16_Channel_18_Nov\keypad.c
                  HLVDCON   0x000f9c       data     extern E:\c18v3.46\pic18-lt\cxx-framework\src\traditional\proc\p18f46k22.asm
              HLVDCONbits   0x000f9c       data     extern E:\c18v3.46\pic18-lt\cxx-framework\src\traditional\proc\p18f46k22.asm
                    INDF0   0x000fef       data     extern E:\c18v3.46\pic18-lt\cxx-framework\src\traditional\proc\p18f46k22.asm
                    INDF1   0x000fe7       data     extern E:\c18v3.46\pic18-lt\cxx-framework\src\traditional\proc\p18f46k22.asm
                    INDF2   0x000fdf       data     extern E:\c18v3.46\pic18-lt\cxx-framework\src\traditional\proc\p18f46k22.asm
                   INTCON   0x000ff2       data     extern E:\c18v3.46\pic18-lt\cxx-framework\src\traditional\proc\p18f46k22.asm
                  INTCON2   0x000ff1       data     extern E:\c18v3.46\pic18-lt\cxx-framework\src\traditional\proc\p18f46k22.asm
              INTCON2bits   0x000ff1       data     extern E:\c18v3.46\pic18-lt\cxx-framework\src\traditional\proc\p18f46k22.asm
                  INTCON3   0x000ff0       data     extern E:\c18v3.46\pic18-lt\cxx-framework\src\traditional\proc\p18f46k22.asm
              INTCON3bits   0x000ff0       data     extern E:\c18v3.46\pic18-lt\cxx-framework\src\traditional\proc\p18f46k22.asm
               INTCONbits   0x000ff2       data     extern E:\c18v3.46\pic18-lt\cxx-framework\src\traditional\proc\p18f46k22.asm
                     IOCB   0x000f62       data     extern E:\c18v3.46\pic18-lt\cxx-framework\src\traditional\proc\p18f46k22.asm
                 IOCBbits   0x000f62       data     extern E:\c18v3.46\pic18-lt\cxx-framework\src\traditional\proc\p18f46k22.asm
                     IPR1   0x000f9f       data     extern E:\c18v3.46\pic18-lt\cxx-framework\src\traditional\proc\p18f46k22.asm
                 IPR1bits   0x000f9f       data     extern E:\c18v3.46\pic18-lt\cxx-framework\src\traditional\proc\p18f46k22.asm
                     IPR2   0x000fa2       data     extern E:\c18v3.46\pic18-lt\cxx-framework\src\traditional\proc\p18f46k22.asm
                 IPR2bits   0x000fa2       data     extern E:\c18v3.46\pic18-lt\cxx-framework\src\traditional\proc\p18f46k22.asm
                     IPR3   0x000fa5       data     extern E:\c18v3.46\pic18-lt\cxx-framework\src\traditional\proc\p18f46k22.asm
                 IPR3bits   0x000fa5       data     extern E:\c18v3.46\pic18-lt\cxx-framework\src\traditional\proc\p18f46k22.asm
                     IPR4   0x000f7c       data     extern E:\c18v3.46\pic18-lt\cxx-framework\src\traditional\proc\p18f46k22.asm
                 IPR4bits   0x000f7c       data     extern E:\c18v3.46\pic18-lt\cxx-framework\src\traditional\proc\p18f46k22.asm
                     IPR5   0x000f7f       data     extern E:\c18v3.46\pic18-lt\cxx-framework\src\traditional\proc\p18f46k22.asm
                 IPR5bits   0x000f7f       data     extern E:\c18v3.46\pic18-lt\cxx-framework\src\traditional\proc\p18f46k22.asm
                     LATA   0x000f89       data     extern E:\c18v3.46\pic18-lt\cxx-framework\src\traditional\proc\p18f46k22.asm
                 LATAbits   0x000f89       data     extern E:\c18v3.46\pic18-lt\cxx-framework\src\traditional\proc\p18f46k22.asm
                     LATB   0x000f8a       data     extern E:\c18v3.46\pic18-lt\cxx-framework\src\traditional\proc\p18f46k22.asm
                 LATBbits   0x000f8a       data     extern E:\c18v3.46\pic18-lt\cxx-framework\src\traditional\proc\p18f46k22.asm
                     LATC   0x000f8b       data     extern E:\c18v3.46\pic18-lt\cxx-framework\src\traditional\proc\p18f46k22.asm
                 LATCbits   0x000f8b       data     extern E:\c18v3.46\pic18-lt\cxx-framework\src\traditional\proc\p18f46k22.asm
                     LATD   0x000f8c       data     extern E:\c18v3.46\pic18-lt\cxx-framework\src\traditional\proc\p18f46k22.asm
                 LATDbits   0x000f8c       data     extern E:\c18v3.46\pic18-lt\cxx-framework\src\traditional\proc\p18f46k22.asm
                     LATE   0x000f8d       data     extern E:\c18v3.46\pic18-lt\cxx-framework\src\traditional\proc\p18f46k22.asm
                 LATEbits   0x000f8d       data     extern E:\c18v3.46\pic18-lt\cxx-framework\src\traditional\proc\p18f46k22.asm
                   LVDCON   0x000f9c       data     extern E:\c18v3.46\pic18-lt\cxx-framework\src\traditional\proc\p18f46k22.asm
               LVDCONbits   0x000f9c       data     extern E:\c18v3.46\pic18-lt\cxx-framework\src\traditional\proc\p18f46k22.asm
                   OSCCON   0x000fd3       data     extern E:\c18v3.46\pic18-lt\cxx-framework\src\traditional\proc\p18f46k22.asm
                  OSCCON2   0x000fd2       data     extern E:\c18v3.46\pic18-lt\cxx-framework\src\traditional\proc\p18f46k22.asm
              OSCCON2bits   0x000fd2       data     extern E:\c18v3.46\pic18-lt\cxx-framework\src\traditional\proc\p18f46k22.asm
               OSCCONbits   0x000fd3       data     extern E:\c18v3.46\pic18-lt\cxx-framework\src\traditional\proc\p18f46k22.asm
                  OSCTUNE   0x000f9b       data     extern E:\c18v3.46\pic18-lt\cxx-framework\src\traditional\proc\p18f46k22.asm
              OSCTUNEbits   0x000f9b       data     extern E:\c18v3.46\pic18-lt\cxx-framework\src\traditional\proc\p18f46k22.asm
                       PC   0x000ff9       data     extern E:\c18v3.46\pic18-lt\cxx-framework\src\traditional\proc\p18f46k22.asm
                      PCL   0x000ff9       data     extern E:\c18v3.46\pic18-lt\cxx-framework\src\traditional\proc\p18f46k22.asm
                   PCLATH   0x000ffa       data     extern E:\c18v3.46\pic18-lt\cxx-framework\src\traditional\proc\p18f46k22.asm
                   PCLATU   0x000ffb       data     extern E:\c18v3.46\pic18-lt\cxx-framework\src\traditional\proc\p18f46k22.asm
                     PIE1   0x000f9d       data     extern E:\c18v3.46\pic18-lt\cxx-framework\src\traditional\proc\p18f46k22.asm
                 PIE1bits   0x000f9d       data     extern E:\c18v3.46\pic18-lt\cxx-framework\src\traditional\proc\p18f46k22.asm
                     PIE2   0x000fa0       data     extern E:\c18v3.46\pic18-lt\cxx-framework\src\traditional\proc\p18f46k22.asm
                 PIE2bits   0x000fa0       data     extern E:\c18v3.46\pic18-lt\cxx-framework\src\traditional\proc\p18f46k22.asm
                     PIE3   0x000fa3       data     extern E:\c18v3.46\pic18-lt\cxx-framework\src\traditional\proc\p18f46k22.asm
                 PIE3bits   0x000fa3       data     extern E:\c18v3.46\pic18-lt\cxx-framework\src\traditional\proc\p18f46k22.asm
                     PIE4   0x000f7a       data     extern E:\c18v3.46\pic18-lt\cxx-framework\src\traditional\proc\p18f46k22.asm
                 PIE4bits   0x000f7a       data     extern E:\c18v3.46\pic18-lt\cxx-framework\src\traditional\proc\p18f46k22.asm
                     PIE5   0x000f7d       data     extern E:\c18v3.46\pic18-lt\cxx-framework\src\traditional\proc\p18f46k22.asm
                 PIE5bits   0x000f7d       data     extern E:\c18v3.46\pic18-lt\cxx-framework\src\traditional\proc\p18f46k22.asm
                     PIR1   0x000f9e       data     extern E:\c18v3.46\pic18-lt\cxx-framework\src\traditional\proc\p18f46k22.asm
                 PIR1bits   0x000f9e       data     extern E:\c18v3.46\pic18-lt\cxx-framework\src\traditional\proc\p18f46k22.asm
                     PIR2   0x000fa1       data     extern E:\c18v3.46\pic18-lt\cxx-framework\src\traditional\proc\p18f46k22.asm
                 PIR2bits   0x000fa1       data     extern E:\c18v3.46\pic18-lt\cxx-framework\src\traditional\proc\p18f46k22.asm
                     PIR3   0x000fa4       data     extern E:\c18v3.46\pic18-lt\cxx-framework\src\traditional\proc\p18f46k22.asm
                 PIR3bits   0x000fa4       data     extern E:\c18v3.46\pic18-lt\cxx-framework\src\traditional\proc\p18f46k22.asm
                     PIR4   0x000f7b       data     extern E:\c18v3.46\pic18-lt\cxx-framework\src\traditional\proc\p18f46k22.asm
                 PIR4bits   0x000f7b       data     extern E:\c18v3.46\pic18-lt\cxx-framework\src\traditional\proc\p18f46k22.asm
                     PIR5   0x000f7e       data     extern E:\c18v3.46\pic18-lt\cxx-framework\src\traditional\proc\p18f46k22.asm
                 PIR5bits   0x000f7e       data     extern E:\c18v3.46\pic18-lt\cxx-framework\src\traditional\proc\p18f46k22.asm
                   PLUSW0   0x000feb       data     extern E:\c18v3.46\pic18-lt\cxx-framework\src\traditional\proc\p18f46k22.asm
                   PLUSW1   0x000fe3       data     extern E:\c18v3.46\pic18-lt\cxx-framework\src\traditional\proc\p18f46k22.asm
                   PLUSW2   0x000fdb       data     extern E:\c18v3.46\pic18-lt\cxx-framework\src\traditional\proc\p18f46k22.asm
                     PMD0   0x000f3f       data     extern E:\c18v3.46\pic18-lt\cxx-framework\src\traditional\proc\p18f46k22.asm
                 PMD0bits   0x000f3f       data     extern E:\c18v3.46\pic18-lt\cxx-framework\src\traditional\proc\p18f46k22.asm
                     PMD1   0x000f3e       data     extern E:\c18v3.46\pic18-lt\cxx-framework\src\traditional\proc\p18f46k22.asm
                 PMD1bits   0x000f3e       data     extern E:\c18v3.46\pic18-lt\cxx-framework\src\traditional\proc\p18f46k22.asm
                     PMD2   0x000f3d       data     extern E:\c18v3.46\pic18-lt\cxx-framework\src\traditional\proc\p18f46k22.asm
                 PMD2bits   0x000f3d       data     extern E:\c18v3.46\pic18-lt\cxx-framework\src\traditional\proc\p18f46k22.asm
                    PORTA   0x000f80       data     extern E:\c18v3.46\pic18-lt\cxx-framework\src\traditional\proc\p18f46k22.asm
                PORTAbits   0x000f80       data     extern E:\c18v3.46\pic18-lt\cxx-framework\src\traditional\proc\p18f46k22.asm
                    PORTB   0x000f81       data     extern E:\c18v3.46\pic18-lt\cxx-framework\src\traditional\proc\p18f46k22.asm
                PORTBbits   0x000f81       data     extern E:\c18v3.46\pic18-lt\cxx-framework\src\traditional\proc\p18f46k22.asm
                    PORTC   0x000f82       data     extern E:\c18v3.46\pic18-lt\cxx-framework\src\traditional\proc\p18f46k22.asm
                PORTCbits   0x000f82       data     extern E:\c18v3.46\pic18-lt\cxx-framework\src\traditional\proc\p18f46k22.asm
                    PORTD   0x000f83       data     extern E:\c18v3.46\pic18-lt\cxx-framework\src\traditional\proc\p18f46k22.asm
                PORTDbits   0x000f83       data     extern E:\c18v3.46\pic18-lt\cxx-framework\src\traditional\proc\p18f46k22.asm
                    PORTE   0x000f84       data     extern E:\c18v3.46\pic18-lt\cxx-framework\src\traditional\proc\p18f46k22.asm
                PORTEbits   0x000f84       data     extern E:\c18v3.46\pic18-lt\cxx-framework\src\traditional\proc\p18f46k22.asm
                 POSTDEC0   0x000fed       data     extern E:\c18v3.46\pic18-lt\cxx-framework\src\traditional\proc\p18f46k22.asm
                 POSTDEC1   0x000fe5       data     extern E:\c18v3.46\pic18-lt\cxx-framework\src\traditional\proc\p18f46k22.asm
                 POSTDEC2   0x000fdd       data     extern E:\c18v3.46\pic18-lt\cxx-framework\src\traditional\proc\p18f46k22.asm
                 POSTINC0   0x000fee       data     extern E:\c18v3.46\pic18-lt\cxx-framework\src\traditional\proc\p18f46k22.asm
                 POSTINC1   0x000fe6       data     extern E:\c18v3.46\pic18-lt\cxx-framework\src\traditional\proc\p18f46k22.asm
                 POSTINC2   0x000fde       data     extern E:\c18v3.46\pic18-lt\cxx-framework\src\traditional\proc\p18f46k22.asm
                      PR2   0x000fbb       data     extern E:\c18v3.46\pic18-lt\cxx-framework\src\traditional\proc\p18f46k22.asm
                      PR4   0x000f52       data     extern E:\c18v3.46\pic18-lt\cxx-framework\src\traditional\proc\p18f46k22.asm
                      PR6   0x000f4b       data     extern E:\c18v3.46\pic18-lt\cxx-framework\src\traditional\proc\p18f46k22.asm
                  PREINC0   0x000fec       data     extern E:\c18v3.46\pic18-lt\cxx-framework\src\traditional\proc\p18f46k22.asm
                  PREINC1   0x000fe4       data     extern E:\c18v3.46\pic18-lt\cxx-framework\src\traditional\proc\p18f46k22.asm
                  PREINC2   0x000fdc       data     extern E:\c18v3.46\pic18-lt\cxx-framework\src\traditional\proc\p18f46k22.asm
                     PROD   0x000ff3       data     extern E:\c18v3.46\pic18-lt\cxx-framework\src\traditional\proc\p18f46k22.asm
                    PRODH   0x000ff4       data     extern E:\c18v3.46\pic18-lt\cxx-framework\src\traditional\proc\p18f46k22.asm
                    PRODL   0x000ff3       data     extern E:\c18v3.46\pic18-lt\cxx-framework\src\traditional\proc\p18f46k22.asm
                 PSTR1CON   0x000fb9       data     extern E:\c18v3.46\pic18-lt\cxx-framework\src\traditional\proc\p18f46k22.asm
             PSTR1CONbits   0x000fb9       data     extern E:\c18v3.46\pic18-lt\cxx-framework\src\traditional\proc\p18f46k22.asm
                 PSTR2CON   0x000f63       data     extern E:\c18v3.46\pic18-lt\cxx-framework\src\traditional\proc\p18f46k22.asm
             PSTR2CONbits   0x000f63       data     extern E:\c18v3.46\pic18-lt\cxx-framework\src\traditional\proc\p18f46k22.asm
                 PSTR3CON   0x000f5a       data     extern E:\c18v3.46\pic18-lt\cxx-framework\src\traditional\proc\p18f46k22.asm
             PSTR3CONbits   0x000f5a       data     extern E:\c18v3.46\pic18-lt\cxx-framework\src\traditional\proc\p18f46k22.asm
                  PSTRCON   0x000fb9       data     extern E:\c18v3.46\pic18-lt\cxx-framework\src\traditional\proc\p18f46k22.asm
              PSTRCONbits   0x000fb9       data     extern E:\c18v3.46\pic18-lt\cxx-framework\src\traditional\proc\p18f46k22.asm
                  PWM1CON   0x000fb7       data     extern E:\c18v3.46\pic18-lt\cxx-framework\src\traditional\proc\p18f46k22.asm
              PWM1CONbits   0x000fb7       data     extern E:\c18v3.46\pic18-lt\cxx-framework\src\traditional\proc\p18f46k22.asm
                  PWM2CON   0x000f65       data     extern E:\c18v3.46\pic18-lt\cxx-framework\src\traditional\proc\p18f46k22.asm
              PWM2CONbits   0x000f65       data     extern E:\c18v3.46\pic18-lt\cxx-framework\src\traditional\proc\p18f46k22.asm
                  PWM3CON   0x000f5c       data     extern E:\c18v3.46\pic18-lt\cxx-framework\src\traditional\proc\p18f46k22.asm
              PWM3CONbits   0x000f5c       data     extern E:\c18v3.46\pic18-lt\cxx-framework\src\traditional\proc\p18f46k22.asm
                   PWMCON   0x000fb7       data     extern E:\c18v3.46\pic18-lt\cxx-framework\src\traditional\proc\p18f46k22.asm
               PWMCONbits   0x000fb7       data     extern E:\c18v3.46\pic18-lt\cxx-framework\src\traditional\proc\p18f46k22.asm
                   RC1REG   0x000fae       data     extern E:\c18v3.46\pic18-lt\cxx-framework\src\traditional\proc\p18f46k22.asm
               RC1REGbits   0x000fae       data     extern E:\c18v3.46\pic18-lt\cxx-framework\src\traditional\proc\p18f46k22.asm
                   RC1STA   0x000fab       data     extern E:\c18v3.46\pic18-lt\cxx-framework\src\traditional\proc\p18f46k22.asm
               RC1STAbits   0x000fab       data     extern E:\c18v3.46\pic18-lt\cxx-framework\src\traditional\proc\p18f46k22.asm
                   RC2REG   0x000f74       data     extern E:\c18v3.46\pic18-lt\cxx-framework\src\traditional\proc\p18f46k22.asm
                   RC2STA   0x000f71       data     extern E:\c18v3.46\pic18-lt\cxx-framework\src\traditional\proc\p18f46k22.asm
               RC2STAbits   0x000f71       data     extern E:\c18v3.46\pic18-lt\cxx-framework\src\traditional\proc\p18f46k22.asm
                     RCON   0x000fd0       data     extern E:\c18v3.46\pic18-lt\cxx-framework\src\traditional\proc\p18f46k22.asm
                 RCONbits   0x000fd0       data     extern E:\c18v3.46\pic18-lt\cxx-framework\src\traditional\proc\p18f46k22.asm
                    RCREG   0x000fae       data     extern E:\c18v3.46\pic18-lt\cxx-framework\src\traditional\proc\p18f46k22.asm
                   RCREG1   0x000fae       data     extern E:\c18v3.46\pic18-lt\cxx-framework\src\traditional\proc\p18f46k22.asm
               RCREG1bits   0x000fae       data     extern E:\c18v3.46\pic18-lt\cxx-framework\src\traditional\proc\p18f46k22.asm
                   RCREG2   0x000f74       data     extern E:\c18v3.46\pic18-lt\cxx-framework\src\traditional\proc\p18f46k22.asm
                RCREGbits   0x000fae       data     extern E:\c18v3.46\pic18-lt\cxx-framework\src\traditional\proc\p18f46k22.asm
                    RCSTA   0x000fab       data     extern E:\c18v3.46\pic18-lt\cxx-framework\src\traditional\proc\p18f46k22.asm
                   RCSTA1   0x000fab       data     extern E:\c18v3.46\pic18-lt\cxx-framework\src\traditional\proc\p18f46k22.asm
               RCSTA1bits   0x000fab       data     extern E:\c18v3.46\pic18-lt\cxx-framework\src\traditional\proc\p18f46k22.asm
                   RCSTA2   0x000f71       data     extern E:\c18v3.46\pic18-lt\cxx-framework\src\traditional\proc\p18f46k22.asm
               RCSTA2bits   0x000f71       data     extern E:\c18v3.46\pic18-lt\cxx-framework\src\traditional\proc\p18f46k22.asm
                RCSTAbits   0x000fab       data     extern E:\c18v3.46\pic18-lt\cxx-framework\src\traditional\proc\p18f46k22.asm
                     SIGN   0x00002c       data     extern E:\c18v3.46\pic18-lt\cxx-framework\src\traditional\math\cmath18.asm
                   SLRCON   0x000f60       data     extern E:\c18v3.46\pic18-lt\cxx-framework\src\traditional\proc\p18f46k22.asm
               SLRCONbits   0x000f60       data     extern E:\c18v3.46\pic18-lt\cxx-framework\src\traditional\proc\p18f46k22.asm
                   SP1BRG   0x000faf       data     extern E:\c18v3.46\pic18-lt\cxx-framework\src\traditional\proc\p18f46k22.asm
                  SP1BRGH   0x000fb0       data     extern E:\c18v3.46\pic18-lt\cxx-framework\src\traditional\proc\p18f46k22.asm
              SP1BRGHbits   0x000fb0       data     extern E:\c18v3.46\pic18-lt\cxx-framework\src\traditional\proc\p18f46k22.asm
               SP1BRGbits   0x000faf       data     extern E:\c18v3.46\pic18-lt\cxx-framework\src\traditional\proc\p18f46k22.asm
                   SP2BRG   0x000f75       data     extern E:\c18v3.46\pic18-lt\cxx-framework\src\traditional\proc\p18f46k22.asm
                  SP2BRGH   0x000f76       data     extern E:\c18v3.46\pic18-lt\cxx-framework\src\traditional\proc\p18f46k22.asm
                    SPBRG   0x000faf       data     extern E:\c18v3.46\pic18-lt\cxx-framework\src\traditional\proc\p18f46k22.asm
                   SPBRG1   0x000faf       data     extern E:\c18v3.46\pic18-lt\cxx-framework\src\traditional\proc\p18f46k22.asm
               SPBRG1bits   0x000faf       data     extern E:\c18v3.46\pic18-lt\cxx-framework\src\traditional\proc\p18f46k22.asm
                   SPBRG2   0x000f75       data     extern E:\c18v3.46\pic18-lt\cxx-framework\src\traditional\proc\p18f46k22.asm
                   SPBRGH   0x000fb0       data     extern E:\c18v3.46\pic18-lt\cxx-framework\src\traditional\proc\p18f46k22.asm
                  SPBRGH1   0x000fb0       data     extern E:\c18v3.46\pic18-lt\cxx-framework\src\traditional\proc\p18f46k22.asm
              SPBRGH1bits   0x000fb0       data     extern E:\c18v3.46\pic18-lt\cxx-framework\src\traditional\proc\p18f46k22.asm
                  SPBRGH2   0x000f76       data     extern E:\c18v3.46\pic18-lt\cxx-framework\src\traditional\proc\p18f46k22.asm
               SPBRGHbits   0x000fb0       data     extern E:\c18v3.46\pic18-lt\cxx-framework\src\traditional\proc\p18f46k22.asm
                SPBRGbits   0x000faf       data     extern E:\c18v3.46\pic18-lt\cxx-framework\src\traditional\proc\p18f46k22.asm
                   SRCON0   0x000f47       data     extern E:\c18v3.46\pic18-lt\cxx-framework\src\traditional\proc\p18f46k22.asm
               SRCON0bits   0x000f47       data     extern E:\c18v3.46\pic18-lt\cxx-framework\src\traditional\proc\p18f46k22.asm
                   SRCON1   0x000f46       data     extern E:\c18v3.46\pic18-lt\cxx-framework\src\traditional\proc\p18f46k22.asm
               SRCON1bits   0x000f46       data     extern E:\c18v3.46\pic18-lt\cxx-framework\src\traditional\proc\p18f46k22.asm
                  SSP1ADD   0x000fc8       data     extern E:\c18v3.46\pic18-lt\cxx-framework\src\traditional\proc\p18f46k22.asm
              SSP1ADDbits   0x000fc8       data     extern E:\c18v3.46\pic18-lt\cxx-framework\src\traditional\proc\p18f46k22.asm
                  SSP1BUF   0x000fc9       data     extern E:\c18v3.46\pic18-lt\cxx-framework\src\traditional\proc\p18f46k22.asm
              SSP1BUFbits   0x000fc9       data     extern E:\c18v3.46\pic18-lt\cxx-framework\src\traditional\proc\p18f46k22.asm
                 SSP1CON1   0x000fc6       data     extern E:\c18v3.46\pic18-lt\cxx-framework\src\traditional\proc\p18f46k22.asm
             SSP1CON1bits   0x000fc6       data     extern E:\c18v3.46\pic18-lt\cxx-framework\src\traditional\proc\p18f46k22.asm
                 SSP1CON2   0x000fc5       data     extern E:\c18v3.46\pic18-lt\cxx-framework\src\traditional\proc\p18f46k22.asm
             SSP1CON2bits   0x000fc5       data     extern E:\c18v3.46\pic18-lt\cxx-framework\src\traditional\proc\p18f46k22.asm
                 SSP1CON3   0x000fcb       data     extern E:\c18v3.46\pic18-lt\cxx-framework\src\traditional\proc\p18f46k22.asm
             SSP1CON3bits   0x000fcb       data     extern E:\c18v3.46\pic18-lt\cxx-framework\src\traditional\proc\p18f46k22.asm
                  SSP1MSK   0x000fca       data     extern E:\c18v3.46\pic18-lt\cxx-framework\src\traditional\proc\p18f46k22.asm
              SSP1MSKbits   0x000fca       data     extern E:\c18v3.46\pic18-lt\cxx-framework\src\traditional\proc\p18f46k22.asm
                 SSP1STAT   0x000fc7       data     extern E:\c18v3.46\pic18-lt\cxx-framework\src\traditional\proc\p18f46k22.asm
             SSP1STATbits   0x000fc7       data     extern E:\c18v3.46\pic18-lt\cxx-framework\src\traditional\proc\p18f46k22.asm
                  SSP2ADD   0x000f6e       data     extern E:\c18v3.46\pic18-lt\cxx-framework\src\traditional\proc\p18f46k22.asm
                  SSP2BUF   0x000f6f       data     extern E:\c18v3.46\pic18-lt\cxx-framework\src\traditional\proc\p18f46k22.asm
                 SSP2CON1   0x000f6c       data     extern E:\c18v3.46\pic18-lt\cxx-framework\src\traditional\proc\p18f46k22.asm
             SSP2CON1bits   0x000f6c       data     extern E:\c18v3.46\pic18-lt\cxx-framework\src\traditional\proc\p18f46k22.asm
                 SSP2CON2   0x000f6b       data     extern E:\c18v3.46\pic18-lt\cxx-framework\src\traditional\proc\p18f46k22.asm
             SSP2CON2bits   0x000f6b       data     extern E:\c18v3.46\pic18-lt\cxx-framework\src\traditional\proc\p18f46k22.asm
                 SSP2CON3   0x000f69       data     extern E:\c18v3.46\pic18-lt\cxx-framework\src\traditional\proc\p18f46k22.asm
             SSP2CON3bits   0x000f69       data     extern E:\c18v3.46\pic18-lt\cxx-framework\src\traditional\proc\p18f46k22.asm
                  SSP2MSK   0x000f6a       data     extern E:\c18v3.46\pic18-lt\cxx-framework\src\traditional\proc\p18f46k22.asm
              SSP2MSKbits   0x000f6a       data     extern E:\c18v3.46\pic18-lt\cxx-framework\src\traditional\proc\p18f46k22.asm
                 SSP2STAT   0x000f6d       data     extern E:\c18v3.46\pic18-lt\cxx-framework\src\traditional\proc\p18f46k22.asm
             SSP2STATbits   0x000f6d       data     extern E:\c18v3.46\pic18-lt\cxx-framework\src\traditional\proc\p18f46k22.asm
                   SSPADD   0x000fc8       data     extern E:\c18v3.46\pic18-lt\cxx-framework\src\traditional\proc\p18f46k22.asm
               SSPADDbits   0x000fc8       data     extern E:\c18v3.46\pic18-lt\cxx-framework\src\traditional\proc\p18f46k22.asm
                   SSPBUF   0x000fc9       data     extern E:\c18v3.46\pic18-lt\cxx-framework\src\traditional\proc\p18f46k22.asm
               SSPBUFbits   0x000fc9       data     extern E:\c18v3.46\pic18-lt\cxx-framework\src\traditional\proc\p18f46k22.asm
                  SSPCON1   0x000fc6       data     extern E:\c18v3.46\pic18-lt\cxx-framework\src\traditional\proc\p18f46k22.asm
              SSPCON1bits   0x000fc6       data     extern E:\c18v3.46\pic18-lt\cxx-framework\src\traditional\proc\p18f46k22.asm
                  SSPCON2   0x000fc5       data     extern E:\c18v3.46\pic18-lt\cxx-framework\src\traditional\proc\p18f46k22.asm
              SSPCON2bits   0x000fc5       data     extern E:\c18v3.46\pic18-lt\cxx-framework\src\traditional\proc\p18f46k22.asm
                  SSPCON3   0x000fcb       data     extern E:\c18v3.46\pic18-lt\cxx-framework\src\traditional\proc\p18f46k22.asm
              SSPCON3bits   0x000fcb       data     extern E:\c18v3.46\pic18-lt\cxx-framework\src\traditional\proc\p18f46k22.asm
                   SSPMSK   0x000fca       data     extern E:\c18v3.46\pic18-lt\cxx-framework\src\traditional\proc\p18f46k22.asm
               SSPMSKbits   0x000fca       data     extern E:\c18v3.46\pic18-lt\cxx-framework\src\traditional\proc\p18f46k22.asm
                  SSPSTAT   0x000fc7       data     extern E:\c18v3.46\pic18-lt\cxx-framework\src\traditional\proc\p18f46k22.asm
              SSPSTATbits   0x000fc7       data     extern E:\c18v3.46\pic18-lt\cxx-framework\src\traditional\proc\p18f46k22.asm
                   STATUS   0x000fd8       data     extern E:\c18v3.46\pic18-lt\cxx-framework\src\traditional\proc\p18f46k22.asm
               STATUSbits   0x000fd8       data     extern E:\c18v3.46\pic18-lt\cxx-framework\src\traditional\proc\p18f46k22.asm
                   STKPTR   0x000ffc       data     extern E:\c18v3.46\pic18-lt\cxx-framework\src\traditional\proc\p18f46k22.asm
               STKPTRbits   0x000ffc       data     extern E:\c18v3.46\pic18-lt\cxx-framework\src\traditional\proc\p18f46k22.asm
                       SW   0x000136       data     extern H:\YOGESH PROJECT\PROJECT\1.LED TUBE TESTER\LTT_D_02_01 final\led_tube_final_master\16_Channel_18_Nov\keypad.c
            Status_buffer   0x00013d       data     extern H:\YOGESH PROJECT\PROJECT\1.LED TUBE TESTER\LTT_D_02_01 final\led_tube_final_master\16_Channel_18_Nov\keypad.c
                    T0CON   0x000fd5       data     extern E:\c18v3.46\pic18-lt\cxx-framework\src\traditional\proc\p18f46k22.asm
                T0CONbits   0x000fd5       data     extern E:\c18v3.46\pic18-lt\cxx-framework\src\traditional\proc\p18f46k22.asm
                    T1CON   0x000fcd       data     extern E:\c18v3.46\pic18-lt\cxx-framework\src\traditional\proc\p18f46k22.asm
                T1CONbits   0x000fcd       data     extern E:\c18v3.46\pic18-lt\cxx-framework\src\traditional\proc\p18f46k22.asm
                   T1GCON   0x000fcc       data     extern E:\c18v3.46\pic18-lt\cxx-framework\src\traditional\proc\p18f46k22.asm
               T1GCONbits   0x000fcc       data     extern E:\c18v3.46\pic18-lt\cxx-framework\src\traditional\proc\p18f46k22.asm
                    T2CON   0x000fba       data     extern E:\c18v3.46\pic18-lt\cxx-framework\src\traditional\proc\p18f46k22.asm
                T2CONbits   0x000fba       data     extern E:\c18v3.46\pic18-lt\cxx-framework\src\traditional\proc\p18f46k22.asm
                    T3CON   0x000fb1       data     extern E:\c18v3.46\pic18-lt\cxx-framework\src\traditional\proc\p18f46k22.asm
                T3CONbits   0x000fb1       data     extern E:\c18v3.46\pic18-lt\cxx-framework\src\traditional\proc\p18f46k22.asm
                   T3GCON   0x000fb4       data     extern E:\c18v3.46\pic18-lt\cxx-framework\src\traditional\proc\p18f46k22.asm
               T3GCONbits   0x000fb4       data     extern E:\c18v3.46\pic18-lt\cxx-framework\src\traditional\proc\p18f46k22.asm
                    T4CON   0x000f51       data     extern E:\c18v3.46\pic18-lt\cxx-framework\src\traditional\proc\p18f46k22.asm
                T4CONbits   0x000f51       data     extern E:\c18v3.46\pic18-lt\cxx-framework\src\traditional\proc\p18f46k22.asm
                    T5CON   0x000f4e       data     extern E:\c18v3.46\pic18-lt\cxx-framework\src\traditional\proc\p18f46k22.asm
                T5CONbits   0x000f4e       data     extern E:\c18v3.46\pic18-lt\cxx-framework\src\traditional\proc\p18f46k22.asm
                   T5GCON   0x000f4d       data     extern E:\c18v3.46\pic18-lt\cxx-framework\src\traditional\proc\p18f46k22.asm
               T5GCONbits   0x000f4d       data     extern E:\c18v3.46\pic18-lt\cxx-framework\src\traditional\proc\p18f46k22.asm
                    T6CON   0x000f4a       data     extern E:\c18v3.46\pic18-lt\cxx-framework\src\traditional\proc\p18f46k22.asm
                T6CONbits   0x000f4a       data     extern E:\c18v3.46\pic18-lt\cxx-framework\src\traditional\proc\p18f46k22.asm
                   TABLAT   0x000ff5       data     extern E:\c18v3.46\pic18-lt\cxx-framework\src\traditional\proc\p18f46k22.asm
                   TBLPTR   0x000ff6       data     extern E:\c18v3.46\pic18-lt\cxx-framework\src\traditional\proc\p18f46k22.asm
                  TBLPTRH   0x000ff7       data     extern E:\c18v3.46\pic18-lt\cxx-framework\src\traditional\proc\p18f46k22.asm
                  TBLPTRL   0x000ff6       data     extern E:\c18v3.46\pic18-lt\cxx-framework\src\traditional\proc\p18f46k22.asm
[...]
                    SPBRG   0x000faf       data     extern E:\c18v3.46\pic18-lt\cxx-framework\src\traditional\proc\p18f46k22.asm
                   SPBRG1   0x000faf       data     extern E:\c18v3.46\pic18-lt\cxx-framework\src\traditional\proc\p18f46k22.asm
               SPBRG1bits   0x000faf       data     extern E:\c18v3.46\pic18-lt\cxx-framework\src\traditional\proc\p18f46k22.asm
              SP1BRGHbits   0x000fb0       data     extern E:\c18v3.46\pic18-lt\cxx-framework\src\traditional\proc\p18f46k22.asm
                  SP1BRGH   0x000fb0       data     extern E:\c18v3.46\pic18-lt\cxx-framework\src\traditional\proc\p18f46k22.asm
                   SPBRGH   0x000fb0       data     extern E:\c18v3.46\pic18-lt\cxx-framework\src\traditional\proc\p18f46k22.asm
                  SPBRGH1   0x000fb0       data     extern E:\c18v3.46\pic18-lt\cxx-framework\src\traditional\proc\p18f46k22.asm
               SPBRGHbits   0x000fb0       data     extern E:\c18v3.46\pic18-lt\cxx-framework\src\traditional\proc\p18f46k22.asm
              SPBRGH1bits   0x000fb0       data     extern E:\c18v3.46\pic18-lt\cxx-framework\src\traditional\proc\p18f46k22.asm
                    T3CON   0x000fb1       data     extern E:\c18v3.46\pic18-lt\cxx-framework\src\traditional\proc\p18f46k22.asm
                T3CONbits   0x000fb1       data     extern E:\c18v3.46\pic18-lt\cxx-framework\src\traditional\proc\p18f46k22.asm
                    TMR3L   0x000fb2       data     extern E:\c18v3.46\pic18-lt\cxx-framework\src\traditional\proc\p18f46k22.asm
                    TMR3H   0x000fb3       data     extern E:\c18v3.46\pic18-lt\cxx-framework\src\traditional\proc\p18f46k22.asm
                   T3GCON   0x000fb4       data     extern E:\c18v3.46\pic18-lt\cxx-framework\src\traditional\proc\p18f46k22.asm
               T3GCONbits   0x000fb4       data     extern E:\c18v3.46\pic18-lt\cxx-framework\src\traditional\proc\p18f46k22.asm
               ECCPASbits   0x000fb6       data     extern E:\c18v3.46\pic18-lt\cxx-framework\src\traditional\proc\p18f46k22.asm
                   ECCPAS   0x000fb6       data     extern E:\c18v3.46\pic18-lt\cxx-framework\src\traditional\proc\p18f46k22.asm
              ECCP1ASbits   0x000fb6       data     extern E:\c18v3.46\pic18-lt\cxx-framework\src\traditional\proc\p18f46k22.asm
                  ECCP1AS   0x000fb6       data     extern E:\c18v3.46\pic18-lt\cxx-framework\src\traditional\proc\p18f46k22.asm
               PWMCONbits   0x000fb7       data     extern E:\c18v3.46\pic18-lt\cxx-framework\src\traditional\proc\p18f46k22.asm
                   PWMCON   0x000fb7       data     extern E:\c18v3.46\pic18-lt\cxx-framework\src\traditional\proc\p18f46k22.asm
              PWM1CONbits   0x000fb7       data     extern E:\c18v3.46\pic18-lt\cxx-framework\src\traditional\proc\p18f46k22.asm
                  PWM1CON   0x000fb7       data     extern E:\c18v3.46\pic18-lt\cxx-framework\src\traditional\proc\p18f46k22.asm
                 BAUD1CON   0x000fb8       data     extern E:\c18v3.46\pic18-lt\cxx-framework\src\traditional\proc\p18f46k22.asm
             BAUD1CONbits   0x000fb8       data     extern E:\c18v3.46\pic18-lt\cxx-framework\src\traditional\proc\p18f46k22.asm
                  BAUDCON   0x000fb8       data     extern E:\c18v3.46\pic18-lt\cxx-framework\src\traditional\proc\p18f46k22.asm
                 BAUDCON1   0x000fb8       data     extern E:\c18v3.46\pic18-lt\cxx-framework\src\traditional\proc\p18f46k22.asm
             BAUDCON1bits   0x000fb8       data     extern E:\c18v3.46\pic18-lt\cxx-framework\src\traditional\proc\p18f46k22.asm
              BAUDCTLbits   0x000fb8       data     extern E:\c18v3.46\pic18-lt\cxx-framework\src\traditional\proc\p18f46k22.asm
                  BAUDCTL   0x000fb8       data     extern E:\c18v3.46\pic18-lt\cxx-framework\src\traditional\proc\p18f46k22.asm
              BAUDCONbits   0x000fb8       data     extern E:\c18v3.46\pic18-lt\cxx-framework\src\traditional\proc\p18f46k22.asm
              PSTRCONbits   0x000fb9       data     extern E:\c18v3.46\pic18-lt\cxx-framework\src\traditional\proc\p18f46k22.asm
                  PSTRCON   0x000fb9       data     extern E:\c18v3.46\pic18-lt\cxx-framework\src\traditional\proc\p18f46k22.asm
             PSTR1CONbits   0x000fb9       data     extern E:\c18v3.46\pic18-lt\cxx-framework\src\traditional\proc\p18f46k22.asm
                 PSTR1CON   0x000fb9       data     extern E:\c18v3.46\pic18-lt\cxx-framework\src\traditional\proc\p18f46k22.asm
                    T2CON   0x000fba       data     extern E:\c18v3.46\pic18-lt\cxx-framework\src\traditional\proc\p18f46k22.asm
                T2CONbits   0x000fba       data     extern E:\c18v3.46\pic18-lt\cxx-framework\src\traditional\proc\p18f46k22.asm
                      PR2   0x000fbb       data     extern E:\c18v3.46\pic18-lt\cxx-framework\src\traditional\proc\p18f46k22.asm
                     TMR2   0x000fbc       data     extern E:\c18v3.46\pic18-lt\cxx-framework\src\traditional\proc\p18f46k22.asm
              CCP1CONbits   0x000fbd       data     extern E:\c18v3.46\pic18-lt\cxx-framework\src\traditional\proc\p18f46k22.asm
                  CCP1CON   0x000fbd       data     extern E:\c18v3.46\pic18-lt\cxx-framework\src\traditional\proc\p18f46k22.asm
                   CCPR1L   0x000fbe       data     extern E:\c18v3.46\pic18-lt\cxx-framework\src\traditional\proc\p18f46k22.asm
                    CCPR1   0x000fbe       data     extern E:\c18v3.46\pic18-lt\cxx-framework\src\traditional\proc\p18f46k22.asm
                   CCPR1H   0x000fbf       data     extern E:\c18v3.46\pic18-lt\cxx-framework\src\traditional\proc\p18f46k22.asm
               ADCON2bits   0x000fc0       data     extern E:\c18v3.46\pic18-lt\cxx-framework\src\traditional\proc\p18f46k22.asm
                   ADCON2   0x000fc0       data     extern E:\c18v3.46\pic18-lt\cxx-framework\src\traditional\proc\p18f46k22.asm
               ADCON1bits   0x000fc1       data     extern E:\c18v3.46\pic18-lt\cxx-framework\src\traditional\proc\p18f46k22.asm
                   ADCON1   0x000fc1       data     extern E:\c18v3.46\pic18-lt\cxx-framework\src\traditional\proc\p18f46k22.asm
                   ADCON0   0x000fc2       data     extern E:\c18v3.46\pic18-lt\cxx-framework\src\traditional\proc\p18f46k22.asm
               ADCON0bits   0x000fc2       data     extern E:\c18v3.46\pic18-lt\cxx-framework\src\traditional\proc\p18f46k22.asm
                    ADRES   0x000fc3       data     extern E:\c18v3.46\pic18-lt\cxx-framework\src\traditional\proc\p18f46k22.asm
                   ADRESL   0x000fc3       data     extern E:\c18v3.46\pic18-lt\cxx-framework\src\traditional\proc\p18f46k22.asm
                   ADRESH   0x000fc4       data     extern E:\c18v3.46\pic18-lt\cxx-framework\src\traditional\proc\p18f46k22.asm
              SSPCON2bits   0x000fc5       data     extern E:\c18v3.46\pic18-lt\cxx-framework\src\traditional\proc\p18f46k22.asm
                  SSPCON2   0x000fc5       data     extern E:\c18v3.46\pic18-lt\cxx-framework\src\traditional\proc\p18f46k22.asm
             SSP1CON2bits   0x000fc5       data     extern E:\c18v3.46\pic18-lt\cxx-framework\src\traditional\proc\p18f46k22.asm
                 SSP1CON2   0x000fc5       data     extern E:\c18v3.46\pic18-lt\cxx-framework\src\traditional\proc\p18f46k22.asm
                 SSP1CON1   0x000fc6       data     extern E:\c18v3.46\pic18-lt\cxx-framework\src\traditional\proc\p18f46k22.asm
             SSP1CON1bits   0x000fc6       data     extern E:\c18v3.46\pic18-lt\cxx-framework\src\traditional\proc\p18f46k22.asm
                  SSPCON1   0x000fc6       data     extern E:\c18v3.46\pic18-lt\cxx-framework\src\traditional\proc\p18f46k22.asm
              SSPCON1bits   0x000fc6       data     extern E:\c18v3.46\pic18-lt\cxx-framework\src\traditional\proc\p18f46k22.asm
                 SSP1STAT   0x000fc7       data     extern E:\c18v3.46\pic18-lt\cxx-framework\src\traditional\proc\p18f46k22.asm
             SSP1STATbits   0x000fc7       data     extern E:\c18v3.46\pic18-lt\cxx-framework\src\traditional\proc\p18f46k22.asm
                  SSPSTAT   0x000fc7       data     extern E:\c18v3.46\pic18-lt\cxx-framework\src\traditional\proc\p18f46k22.asm
              SSPSTATbits   0x000fc7       data     extern E:\c18v3.46\pic18-lt\cxx-framework\src\traditional\proc\p18f46k22.asm
                   SSPADD   0x000fc8       data     extern E:\c18v3.46\pic18-lt\cxx-framework\src\traditional\proc\p18f46k22.asm
               SSPADDbits   0x000fc8       data     extern E:\c18v3.46\pic18-lt\cxx-framework\src\traditional\proc\p18f46k22.asm
              SSP1ADDbits   0x000fc8       data     extern E:\c18v3.46\pic18-lt\cxx-framework\src\traditional\proc\p18f46k22.asm
                  SSP1ADD   0x000fc8       data     extern E:\c18v3.46\pic18-lt\cxx-framework\src\traditional\proc\p18f46k22.asm
              SSP1BUFbits   0x000fc9       data     extern E:\c18v3.46\pic18-lt\cxx-framework\src\traditional\proc\p18f46k22.asm
                  SSP1BUF   0x000fc9       data     extern E:\c18v3.46\pic18-lt\cxx-framework\src\traditional\proc\p18f46k22.asm
                   SSPBUF   0x000fc9       data     extern E:\c18v3.46\pic18-lt\cxx-framework\src\traditional\proc\p18f46k22.asm
               SSPBUFbits   0x000fc9       data     extern E:\c18v3.46\pic18-lt\cxx-framework\src\traditional\proc\p18f46k22.asm
              SSP1MSKbits   0x000fca       data     extern E:\c18v3.46\pic18-lt\cxx-framework\src\traditional\proc\p18f46k22.asm
                  SSP1MSK   0x000fca       data     extern E:\c18v3.46\pic18-lt\cxx-framework\src\traditional\proc\p18f46k22.asm
               SSPMSKbits   0x000fca       data     extern E:\c18v3.46\pic18-lt\cxx-framework\src\traditional\proc\p18f46k22.asm
                   SSPMSK   0x000fca       data     extern E:\c18v3.46\pic18-lt\cxx-framework\src\traditional\proc\p18f46k22.asm
             SSP1CON3bits   0x000fcb       data     extern E:\c18v3.46\pic18-lt\cxx-framework\src\traditional\proc\p18f46k22.asm
                 SSP1CON3   0x000fcb       data     extern E:\c18v3.46\pic18-lt\cxx-framework\src\traditional\proc\p18f46k22.asm
              SSPCON3bits   0x000fcb       data     extern E:\c18v3.46\pic18-lt\cxx-framework\src\traditional\proc\p18f46k22.asm
                  SSPCON3   0x000fcb       data     extern E:\c18v3.46\pic18-lt\cxx-framework\src\traditional\proc\p18f46k22.asm
               T1GCONbits   0x000fcc       data     extern E:\c18v3.46\pic18-lt\cxx-framework\src\traditional\proc\p18f46k22.asm
                   T1GCON   0x000fcc       data     extern E:\c18v3.46\pic18-lt\cxx-framework\src\traditional\proc\p18f46k22.asm
                T1CONbits   0x000fcd       data     extern E:\c18v3.46\pic18-lt\cxx-framework\src\traditional\proc\p18f46k22.asm
                    T1CON   0x000fcd       data     extern E:\c18v3.46\pic18-lt\cxx-framework\src\traditional\proc\p18f46k22.asm
                    TMR1L   0x000fce       data     extern E:\c18v3.46\pic18-lt\cxx-framework\src\traditional\proc\p18f46k22.asm
                    TMR1H   0x000fcf       data     extern E:\c18v3.46\pic18-lt\cxx-framework\src\traditional\proc\p18f46k22.asm
                 RCONbits   0x000fd0       data     extern E:\c18v3.46\pic18-lt\cxx-framework\src\traditional\proc\p18f46k22.asm
                     RCON   0x000fd0       data     extern E:\c18v3.46\pic18-lt\cxx-framework\src\traditional\proc\p18f46k22.asm
                   WDTCON   0x000fd1       data     extern E:\c18v3.46\pic18-lt\cxx-framework\src\traditional\proc\p18f46k22.asm
               WDTCONbits   0x000fd1       data     extern E:\c18v3.46\pic18-lt\cxx-framework\src\traditional\proc\p18f46k22.asm
                  OSCCON2   0x000fd2       data     extern E:\c18v3.46\pic18-lt\cxx-framework\src\traditional\proc\p18f46k22.asm
              OSCCON2bits   0x000fd2       data     extern E:\c18v3.46\pic18-lt\cxx-framework\src\traditional\proc\p18f46k22.asm
                   OSCCON   0x000fd3       data     extern E:\c18v3.46\pic18-lt\cxx-framework\src\traditional\proc\p18f46k22.asm
               OSCCONbits   0x000fd3       data     extern E:\c18v3.46\pic18-lt\cxx-framework\src\traditional\proc\p18f46k22.asm
                    T0CON   0x000fd5       data     extern E:\c18v3.46\pic18-lt\cxx-framework\src\traditional\proc\p18f46k22.asm
                T0CONbits   0x000fd5       data     extern E:\c18v3.46\pic18-lt\cxx-framework\src\traditional\proc\p18f46k22.asm
                    TMR0L   0x000fd6       data     extern E:\c18v3.46\pic18-lt\cxx-framework\src\traditional\proc\p18f46k22.asm
                    TMR0H   0x000fd7       data     extern E:\c18v3.46\pic18-lt\cxx-framework\src\traditional\proc\p18f46k22.asm
               STATUSbits   0x000fd8       data     extern E:\c18v3.46\pic18-lt\cxx-framework\src\traditional\proc\p18f46k22.asm
                   STATUS   0x000fd8       data     extern E:\c18v3.46\pic18-lt\cxx-framework\src\traditional\proc\p18f46k22.asm
                     FSR2   0x000fd9       data     extern E:\c18v3.46\pic18-lt\cxx-framework\src\traditional\proc\p18f46k22.asm
                    FSR2L   0x000fd9       data     extern E:\c18v3.46\pic18-lt\cxx-framework\src\traditional\proc\p18f46k22.asm
                    FSR2H   0x000fda       data     extern E:\c18v3.46\pic18-lt\cxx-framework\src\traditional\proc\p18f46k22.asm
                   PLUSW2   0x000fdb       data     extern E:\c18v3.46\pic18-lt\cxx-framework\src\traditional\proc\p18f46k22.asm
                  PREINC2   0x000fdc       data     extern E:\c18v3.46\pic18-lt\cxx-framework\src\traditional\proc\p18f46k22.asm
                 POSTDEC2   0x000fdd       data     extern E:\c18v3.46\pic18-lt\cxx-framework\src\traditional\proc\p18f46k22.asm
                 POSTINC2   0x000fde       data     extern E:\c18v3.46\pic18-lt\cxx-framework\src\traditional\proc\p18f46k22.asm
                    INDF2   0x000fdf       data     extern E:\c18v3.46\pic18-lt\cxx-framework\src\traditional\proc\p18f46k22.asm
                      BSR   0x000fe0       data     extern E:\c18v3.46\pic18-lt\cxx-framework\src\traditional\proc\p18f46k22.asm
                    FSR1L   0x000fe1       data     extern E:\c18v3.46\pic18-lt\cxx-framework\src\traditional\proc\p18f46k22.asm
                     FSR1   0x000fe1       data     extern E:\c18v3.46\pic18-lt\cxx-framework\src\traditional\proc\p18f46k22.asm
                    FSR1H   0x000fe2       data     extern E:\c18v3.46\pic18-lt\cxx-framework\src\traditional\proc\p18f46k22.asm
                   PLUSW1   0x000fe3       data     extern E:\c18v3.46\pic18-lt\cxx-framework\src\traditional\proc\p18f46k22.asm
                  PREINC1   0x000fe4       data     extern E:\c18v3.46\pic18-lt\cxx-framework\src\traditional\proc\p18f46k22.asm
                 POSTDEC1   0x000fe5       data     extern E:\c18v3.46\pic18-lt\cxx-framework\src\traditional\proc\p18f46k22.asm
                 POSTINC1   0x000fe6       data     extern E:\c18v3.46\pic18-lt\cxx-framework\src\traditional\proc\p18f46k22.asm
                    INDF1   0x000fe7       data     extern E:\c18v3.46\pic18-lt\cxx-framework\src\traditional\proc\p18f46k22.asm
                        W   0x000fe8       data     extern E:\c18v3.46\pic18-lt\cxx-framework\src\traditional\proc\p18f46k22.asm
                     WREG   0x000fe8       data     extern E:\c18v3.46\pic18-lt\cxx-framework\src\traditional\proc\p18f46k22.asm
                     FSR0   0x000fe9       data     extern E:\c18v3.46\pic18-lt\cxx-framework\src\traditional\proc\p18f46k22.asm
                    FSR0L   0x000fe9       data     extern E:\c18v3.46\pic18-lt\cxx-framework\src\traditional\proc\p18f46k22.asm
                    FSR0H   0x000fea       data     extern E:\c18v3.46\pic18-lt\cxx-framework\src\traditional\proc\p18f46k22.asm
                   PLUSW0   0x000feb       data     extern E:\c18v3.46\pic18-lt\cxx-framework\src\traditional\proc\p18f46k22.asm
                  PREINC0   0x000fec       data     extern E:\c18v3.46\pic18-lt\cxx-framework\src\traditional\proc\p18f46k22.asm
                 POSTDEC0   0x000fed       data     extern E:\c18v3.46\pic18-lt\cxx-framework\src\traditional\proc\p18f46k22.asm
                 POSTINC0   0x000fee       data     extern E:\c18v3.46\pic18-lt\cxx-framework\src\traditional\proc\p18f46k22.asm
                    INDF0   0x000fef       data     extern E:\c18v3.46\pic18-lt\cxx-framework\src\traditional\proc\p18f46k22.asm
              INTCON3bits   0x000ff0       data     extern E:\c18v3.46\pic18-lt\cxx-framework\src\traditional\proc\p18f46k22.asm
                  INTCON3   0x000ff0       data     extern E:\c18v3.46\pic18-lt\cxx-framework\src\traditional\proc\p18f46k22.asm
              INTCON2bits   0x000ff1       data     extern E:\c18v3.46\pic18-lt\cxx-framework\src\traditional\proc\p18f46k22.asm
                  INTCON2   0x000ff1       data     extern E:\c18v3.46\pic18-lt\cxx-framework\src\traditional\proc\p18f46k22.asm
               INTCONbits   0x000ff2       data     extern E:\c18v3.46\pic18-lt\cxx-framework\src\traditional\proc\p18f46k22.asm
                   INTCON   0x000ff2       data     extern E:\c18v3.46\pic18-lt\cxx-framework\src\traditional\proc\p18f46k22.asm
                    PRODL   0x000ff3       data     extern E:\c18v3.46\pic18-lt\cxx-framework\src\traditional\proc\p18f46k22.asm
                     PROD   0x000ff3       data     extern E:\c18v3.46\pic18-lt\cxx-framework\src\traditional\proc\p18f46k22.asm
                    PRODH   0x000ff4       data     extern E:\c18v3.46\pic18-lt\cxx-framework\src\traditional\proc\p18f46k22.asm
                   TABLAT   0x000ff5       data     extern E:\c18v3.46\pic18-lt\cxx-framework\src\traditional\proc\p18f46k22.asm
                   TBLPTR   0x000ff6       data     extern E:\c18v3.46\pic18-lt\cxx-framework\src\traditional\proc\p18f46k22.asm
                  TBLPTRL   0x000ff6       data     extern E:\c18v3.46\pic18-lt\cxx-framework\src\traditional\proc\p18f46k22.asm
                  TBLPTRH   0x000ff7       data     extern E:\c18v3.46\pic18-lt\cxx-framework\src\traditional\proc\p18f46k22.asm
              TBLPTRUbits   0x000ff8       data     extern E:\c18v3.46\pic18-lt\cxx-framework\src\traditional\proc\p18f46k22.asm
                  TBLPTRU   0x000ff8       data     extern E:\c18v3.46\pic18-lt\cxx-framework\src\traditional\proc\p18f46k22.asm
                      PCL   0x000ff9       data     extern E:\c18v3.46\pic18-lt\cxx-framework\src\traditional\proc\p18f46k22.asm
                       PC   0x000ff9       data     extern E:\c18v3.46\pic18-lt\cxx-framework\src\traditional\proc\p18f46k22.asm
                   PCLATH   0x000ffa       data     extern E:\c18v3.46\pic18-lt\cxx-framework\src\traditional\proc\p18f46k22.asm
                   PCLATU   0x000ffb       data     extern E:\c18v3.46\pic18-lt\cxx-framework\src\traditional\proc\p18f46k22.asm
               STKPTRbits   0x000ffc       data     extern E:\c18v3.46\pic18-lt\cxx-framework\src\traditional\proc\p18f46k22.asm
                   STKPTR   0x000ffc       data     extern E:\c18v3.46\pic18-lt\cxx-framework\src\traditional\proc\p18f46k22.asm
                      TOS   0x000ffd       data     extern E:\c18v3.46\pic18-lt\cxx-framework\src\traditional\proc\p18f46k22.asm
                     TOSL   0x000ffd       data     extern E:\c18v3.46\pic18-lt\cxx-framework\src\traditional\proc\p18f46k22.asm
                     TOSH   0x000ffe       data     extern E:\c18v3.46\pic18-lt\cxx-framework\src\traditional\proc\p18f46k22.asm
                     TOSU   0x000fff       data     extern E:\c18v3.46\pic18-lt\cxx-framework\src\traditional\proc\p18f46k22.asm


